[    0.1102] Destination directory: 'D:\app\emulator\psx2\pcsx2_2.0.2'
[    0.1108] Staging directory: 'D:\app\emulator\psx2\pcsx2_2.0.2\UPDATE_STAGING'
[    0.1119] Found file in zip: 'docs\Debugger.pdf'
[    0.1125] Found file in zip: 'docs\GPL.html'
[    0.1131] Found file in zip: 'docs\GameIndex.pdf'
[    0.1137] Found file in zip: 'docs\ThirdPartyLicenses.html'
[    0.1143] Found file in zip: 'docs\debugger.txt'
[    0.1153] Found file in zip: 'qt.conf'
[    0.1162] Found file in zip: 'resources\GameIndex.yaml'
[    0.1168] Found file in zip: 'resources\RedumpDatabase.yaml'
[    0.1175] Found file in zip: 'resources\cover-placeholder.png'
[    0.1181] Found file in zip: 'resources\fonts\Roboto-Regular-copyright'
[    0.1187] Found file in zip: 'resources\fonts\Roboto-Regular.ttf'
[    0.1220] Found file in zip: 'resources\fonts\RobotoMono-Medium.ttf'
[    0.1229] Found file in zip: 'resources\fonts\fa-solid-900.ttf'
[    0.1337] Found file in zip: 'resources\fonts\promptfont-license'
[    0.1355] Found file in zip: 'resources\fonts\promptfont.otf'
[    0.1366] Found file in zip: 'resources\fullscreenui\applications-system.png'
[    0.1377] Found file in zip: 'resources\fullscreenui\back-icon.png'
[    0.1385] Found file in zip: 'resources\fullscreenui\desktop-mode.png'
[    0.1394] Found file in zip: 'resources\fullscreenui\drive-cdrom.png'
[    0.1401] Found file in zip: 'resources\fullscreenui\exit.png'
[    0.1409] Found file in zip: 'resources\fullscreenui\game-list.png'
[    0.1688] Found file in zip: 'resources\fullscreenui\media-cdrom.png'
[    0.1702] Found file in zip: 'resources\fullscreenui\no-save.png'
[    0.1712] Found file in zip: 'resources\fullscreenui\placeholder.png'
[    0.1722] Found file in zip: 'resources\fullscreenui\start-bios.png'
[    0.1732] Found file in zip: 'resources\fullscreenui\start-file.png'
[    0.1740] Found file in zip: 'resources\game_controller_db.txt'
[    0.1749] Found file in zip: 'resources\icons\AppIconLarge.png'
[    0.1867] Found file in zip: 'resources\icons\flags\NTSC-B.png'
[    0.1877] Found file in zip: 'resources\icons\flags\NTSC-C.png'
[    0.1886] Found file in zip: 'resources\icons\flags\NTSC-HK.png'
[    0.1895] Found file in zip: 'resources\icons\flags\NTSC-J.png'
[    0.1904] Found file in zip: 'resources\icons\flags\NTSC-K.png'
[    0.1911] Found file in zip: 'resources\icons\flags\NTSC-T.png'
[    0.1997] Found file in zip: 'resources\icons\flags\NTSC-U.png'
[    0.2011] Found file in zip: 'resources\icons\flags\Other.png'
[    0.2021] Found file in zip: 'resources\icons\flags\PAL-A.png'
[    0.2031] Found file in zip: 'resources\icons\flags\PAL-AF.png'
[    0.2040] Found file in zip: 'resources\icons\flags\PAL-AU.png'
[    0.2048] Found file in zip: 'resources\icons\flags\PAL-BE.png'
[    0.2057] Found file in zip: 'resources\icons\flags\PAL-E.png'
[    0.2216] Found file in zip: 'resources\icons\flags\PAL-F.png'
[    0.2226] Found file in zip: 'resources\icons\flags\PAL-FI.png'
[    0.2234] Found file in zip: 'resources\icons\flags\PAL-G.png'
[    0.2244] Found file in zip: 'resources\icons\flags\PAL-GR.png'
[    0.2252] Found file in zip: 'resources\icons\flags\PAL-I.png'
[    0.2262] Found file in zip: 'resources\icons\flags\PAL-IN.png'
[    0.2271] Found file in zip: 'resources\icons\flags\PAL-M.png'
[    0.2280] Found file in zip: 'resources\icons\flags\PAL-NL.png'
[    0.2294] Found file in zip: 'resources\icons\flags\PAL-NO.png'
[    0.2305] Found file in zip: 'resources\icons\flags\PAL-P.png'
[    0.2314] Found file in zip: 'resources\icons\flags\PAL-PL.png'
[    0.2323] Found file in zip: 'resources\icons\flags\PAL-R.png'
[    0.2331] Found file in zip: 'resources\icons\flags\PAL-S.png'
[    0.2338] Found file in zip: 'resources\icons\flags\PAL-SC.png'
[    0.2347] Found file in zip: 'resources\icons\flags\PAL-SW.png'
[    0.2355] Found file in zip: 'resources\icons\flags\PAL-SWI.png'
[    0.2363] Found file in zip: 'resources\icons\flags\PAL-UK.png'
[    0.2373] Found file in zip: 'resources\icons\star-0.png'
[    0.2540] Found file in zip: 'resources\icons\star-1.png'
[    0.2551] Found file in zip: 'resources\icons\star-2.png'
[    0.2561] Found file in zip: 'resources\icons\star-3.png'
[    0.2572] Found file in zip: 'resources\icons\star-4.png'
[    0.2580] Found file in zip: 'resources\icons\star-5.png'
[    0.2589] Found file in zip: 'resources\patches.zip'
[    0.2600] Found file in zip: 'resources\shaders\common\ffx_a.h'
[    0.2622] Found file in zip: 'resources\shaders\common\ffx_cas.h'
[    0.2636] Found file in zip: 'resources\shaders\common\fxaa.fx'
[    0.2654] Found file in zip: 'resources\shaders\dx11\cas.hlsl'
[    0.2671] Found file in zip: 'resources\shaders\dx11\convert.fx'
[    0.2680] Found file in zip: 'resources\shaders\dx11\imgui.fx'
[    0.2688] Found file in zip: 'resources\shaders\dx11\interlace.fx'
[    0.2697] Found file in zip: 'resources\shaders\dx11\merge.fx'
[    0.2710] Found file in zip: 'resources\shaders\dx11\present.fx'
[    0.2883] Found file in zip: 'resources\shaders\dx11\shadeboost.fx'
[    0.2891] Found file in zip: 'resources\shaders\dx11\tfx.fx'
[    0.2899] Found file in zip: 'resources\shaders\opengl\cas.glsl'
[    0.2907] Found file in zip: 'resources\shaders\opengl\convert.glsl'
[    0.2918] Found file in zip: 'resources\shaders\opengl\imgui.glsl'
[    0.2930] Found file in zip: 'resources\shaders\opengl\interlace.glsl'
[    0.2938] Found file in zip: 'resources\shaders\opengl\merge.glsl'
[    0.2945] Found file in zip: 'resources\shaders\opengl\present.glsl'
[    0.2954] Found file in zip: 'resources\shaders\opengl\shadeboost.glsl'
[    0.2963] Found file in zip: 'resources\shaders\opengl\tfx_fs.glsl'
[    0.2970] Found file in zip: 'resources\shaders\opengl\tfx_vgs.glsl'
[    0.2980] Found file in zip: 'resources\shaders\vulkan\cas.glsl'
[    0.2987] Found file in zip: 'resources\shaders\vulkan\convert.glsl'
[    0.2996] Found file in zip: 'resources\shaders\vulkan\imgui.glsl'
[    0.3003] Found file in zip: 'resources\shaders\vulkan\interlace.glsl'
[    0.3011] Found file in zip: 'resources\shaders\vulkan\merge.glsl'
[    0.3020] Found file in zip: 'resources\shaders\vulkan\present.glsl'
[    0.3028] Found file in zip: 'resources\shaders\vulkan\shadeboost.glsl'
[    0.3038] Found file in zip: 'resources\shaders\vulkan\tfx.glsl'
[    0.3045] Found file in zip: 'resources\sounds\achievements\README.txt'
[    0.3053] Found file in zip: 'translations\pcsx2-qt_af-ZA.qm'
[    0.3061] Found file in zip: 'translations\pcsx2-qt_ar-SA.qm'
[    0.3070] Found file in zip: 'translations\pcsx2-qt_bg-BG.qm'
[    0.3079] Found file in zip: 'translations\pcsx2-qt_ca-ES.qm'
[    0.3089] Found file in zip: 'translations\pcsx2-qt_cs-CZ.qm'
[    0.3097] Found file in zip: 'translations\pcsx2-qt_da-DK.qm'
[    0.3105] Found file in zip: 'translations\pcsx2-qt_de-DE.qm'
[    0.3112] Found file in zip: 'translations\pcsx2-qt_el-GR.qm'
[    0.3120] Found file in zip: 'translations\pcsx2-qt_en-US.qm'
[    0.3129] Found file in zip: 'translations\pcsx2-qt_en.qm'
[    0.3136] Found file in zip: 'translations\pcsx2-qt_es-419.qm'
[    0.3147] Found file in zip: 'translations\pcsx2-qt_es-ES.qm'
[    0.3159] Found file in zip: 'translations\pcsx2-qt_fa-IR.qm'
[    0.3172] Found file in zip: 'translations\pcsx2-qt_fi-FI.qm'
[    0.3183] Found file in zip: 'translations\pcsx2-qt_fr-FR.qm'
[    0.3192] Found file in zip: 'translations\pcsx2-qt_he-IL.qm'
[    0.3207] Found file in zip: 'translations\pcsx2-qt_hi-IN.qm'
[    0.3224] Found file in zip: 'translations\pcsx2-qt_hr-HR.qm'
[    0.3235] Found file in zip: 'translations\pcsx2-qt_hu-HU.qm'
[    0.3244] Found file in zip: 'translations\pcsx2-qt_id-ID.qm'
[    0.3252] Found file in zip: 'translations\pcsx2-qt_it-IT.qm'
[    0.3261] Found file in zip: 'translations\pcsx2-qt_ja-JP.qm'
[    0.3270] Found file in zip: 'translations\pcsx2-qt_ka-GE.qm'
[    0.3277] Found file in zip: 'translations\pcsx2-qt_ko-KR.qm'
[    0.3285] Found file in zip: 'translations\pcsx2-qt_lt-LT.qm'
[    0.3293] Found file in zip: 'translations\pcsx2-qt_lv-LV.qm'
[    0.3300] Found file in zip: 'translations\pcsx2-qt_nl-NL.qm'
[    0.3308] Found file in zip: 'translations\pcsx2-qt_no-NO.qm'
[    0.3316] Found file in zip: 'translations\pcsx2-qt_pl-PL.qm'
[    0.3324] Found file in zip: 'translations\pcsx2-qt_pt-BR.qm'
[    0.3334] Found file in zip: 'translations\pcsx2-qt_pt-PT.qm'
[    0.3344] Found file in zip: 'translations\pcsx2-qt_ro-RO.qm'
[    0.3352] Found file in zip: 'translations\pcsx2-qt_ru-RU.qm'
[    0.3361] Found file in zip: 'translations\pcsx2-qt_sr-SP.qm'
[    0.3371] Found file in zip: 'translations\pcsx2-qt_sv-SE.qm'
[    0.3380] Found file in zip: 'translations\pcsx2-qt_tr-TR.qm'
[    0.3388] Found file in zip: 'translations\pcsx2-qt_uk-UA.qm'
[    0.3396] Found file in zip: 'translations\pcsx2-qt_vi-VN.qm'
[    0.3404] Found file in zip: 'translations\pcsx2-qt_zh-CN.qm'
[    0.3412] Found file in zip: 'translations\pcsx2-qt_zh-TW.qm'
[    0.3419] Found file in zip: 'translations\qt_ar.qm'
[    0.3427] Found file in zip: 'translations\qt_bg.qm'
[    0.3436] Found file in zip: 'translations\qt_ca.qm'
[    0.3443] Found file in zip: 'translations\qt_cs.qm'
[    0.3451] Found file in zip: 'translations\qt_da.qm'
[    0.3459] Found file in zip: 'translations\qt_de.qm'
[    0.3467] Found file in zip: 'translations\qt_en.qm'
[    0.3475] Found file in zip: 'translations\qt_es.qm'
[    0.3483] Found file in zip: 'translations\qt_fa.qm'
[    0.3493] Found file in zip: 'translations\qt_fi.qm'
[    0.3502] Found file in zip: 'translations\qt_fr.qm'
[    0.3511] Found file in zip: 'translations\qt_gd.qm'
[    0.3520] Found file in zip: 'translations\qt_gl.qm'
[    0.3536] Found file in zip: 'translations\qt_he.qm'
[    0.3546] Found file in zip: 'translations\qt_hr.qm'
[    0.3555] Found file in zip: 'translations\qt_hu.qm'
[    0.3562] Found file in zip: 'translations\qt_it.qm'
[    0.3572] Found file in zip: 'translations\qt_ja.qm'
[    0.3579] Found file in zip: 'translations\qt_ka.qm'
[    0.3587] Found file in zip: 'translations\qt_ko.qm'
[    0.3594] Found file in zip: 'translations\qt_lt.qm'
[    0.3601] Found file in zip: 'translations\qt_lv.qm'
[    0.3609] Found file in zip: 'translations\qt_nl.qm'
[    0.3617] Found file in zip: 'translations\qt_nn.qm'
[    0.3624] Found file in zip: 'translations\qt_pl.qm'
[    0.3637] Found file in zip: 'translations\qt_pt_BR.qm'
[    0.3644] Found file in zip: 'translations\qt_pt_PT.qm'
[    0.3652] Found file in zip: 'translations\qt_ru.qm'
[    0.3660] Found file in zip: 'translations\qt_sk.qm'
[    0.3668] Found file in zip: 'translations\qt_sl.qm'
[    0.3678] Found file in zip: 'translations\qt_sv.qm'
[    0.3686] Found file in zip: 'translations\qt_tr.qm'
[    0.3695] Found file in zip: 'translations\qt_uk.qm'
[    0.3704] Found file in zip: 'translations\qt_zh_CN.qm'
[    0.3712] Found file in zip: 'translations\qt_zh_TW.qm'
[    0.3719] Found file in zip: 'resources\sounds\achievements\lbsubmit.wav'
[    0.3727] Found file in zip: 'resources\sounds\achievements\message.wav'
[    0.3735] Found file in zip: 'resources\sounds\achievements\unlock.wav'
[    0.3743] Found file in zip: 'Qt6Core.dll'
[    0.3751] Found file in zip: 'Qt6Gui.dll'
[    0.3758] Found file in zip: 'Qt6Network.dll'
[    0.3766] Found file in zip: 'Qt6Svg.dll'
[    0.3773] Found file in zip: 'Qt6Widgets.dll'
[    0.3782] Found file in zip: 'QtPlugins\generic\qtuiotouchplugin.dll'
[    0.3791] Found file in zip: 'QtPlugins\iconengines\qsvgicon.dll'
[    0.3799] Found file in zip: 'QtPlugins\imageformats\qgif.dll'
[    0.3808] Found file in zip: 'QtPlugins\imageformats\qicns.dll'
[    0.3816] Found file in zip: 'QtPlugins\imageformats\qico.dll'
[    0.3823] Found file in zip: 'QtPlugins\imageformats\qjpeg.dll'
[    0.3830] Found file in zip: 'QtPlugins\imageformats\qsvg.dll'
[    0.3849] Found file in zip: 'QtPlugins\imageformats\qtga.dll'
[    0.3860] Found file in zip: 'QtPlugins\imageformats\qtiff.dll'
[    0.3869] Found file in zip: 'QtPlugins\imageformats\qwbmp.dll'
[    0.3877] Found file in zip: 'QtPlugins\imageformats\qwebp.dll'
[    0.3884] Found file in zip: 'QtPlugins\networkinformation\qnetworklistmanager.dll'
[    0.3892] Found file in zip: 'QtPlugins\platforms\qwindows.dll'
[    0.3899] Found file in zip: 'QtPlugins\styles\qmodernwindowsstyle.dll'
[    0.3907] Found file in zip: 'QtPlugins\tls\qcertonlybackend.dll'
[    0.3916] Found file in zip: 'QtPlugins\tls\qschannelbackend.dll'
[    0.3923] Found file in zip: 'SDL2.dll'
[    0.3931] Found file in zip: 'freetype.dll'
[    0.3939] Found file in zip: 'harfbuzz.dll'
[    0.3946] Found file in zip: 'libjpeg.dll'
[    0.3958] Found file in zip: 'libpng16.dll'
[    0.3966] Found file in zip: 'libsharpyuv.dll'
[    0.3974] Found file in zip: 'libwebp.dll'
[    0.3983] Found file in zip: 'lz4.dll'
[    0.3991] Found file in zip: 'pcsx2-qt.exe'
[    0.4000] Found file in zip: 'shaderc_shared.dll'
[    0.4007] Found file in zip: 'zlib1.dll'
[    0.4015] Found file in zip: 'zstd.dll'
[    0.4026] Directory: QtPlugins
[    0.4026] Directory: QtPlugins\generic
[    0.4026] Directory: QtPlugins\iconengines
[    0.4026] Directory: QtPlugins\imageformats
[    0.4026] Directory: QtPlugins\networkinformation
[    0.4026] Directory: QtPlugins\platforms
[    0.4026] Directory: QtPlugins\styles
[    0.4026] Directory: QtPlugins\tls
[    0.4026] Directory: docs
[    0.4026] Directory: resources
[    0.4026] Directory: resources\fonts
[    0.4027] Directory: resources\fullscreenui
[    0.4027] Directory: resources\icons
[    0.4027] Directory: resources\icons\flags
[    0.4027] Directory: resources\shaders
[    0.4027] Directory: resources\shaders\common
[    0.4027] Directory: resources\shaders\dx11
[    0.4027] Directory: resources\shaders\opengl
[    0.4027] Directory: resources\shaders\vulkan
[    0.4027] Directory: resources\sounds
[    0.4027] Directory: resources\sounds\achievements
[    0.4027] Directory: translations
[    0.4029] Creating subdirectory in staging: QtPlugins
[    0.4038] Creating subdirectory in staging: QtPlugins\generic
[    0.4047] Creating subdirectory in staging: QtPlugins\iconengines
[    0.4055] Creating subdirectory in staging: QtPlugins\imageformats
[    0.4064] Creating subdirectory in staging: QtPlugins\networkinformation
[    0.4073] Creating subdirectory in staging: QtPlugins\platforms
[    0.4083] Creating subdirectory in staging: QtPlugins\styles
[    0.4092] Creating subdirectory in staging: QtPlugins\tls
[    0.4103] Creating subdirectory in staging: docs
[    0.4111] Creating subdirectory in staging: resources
[    0.4120] Creating subdirectory in staging: resources\fonts
[    0.4129] Creating subdirectory in staging: resources\fullscreenui
[    0.4138] Creating subdirectory in staging: resources\icons
[    0.4148] Creating subdirectory in staging: resources\icons\flags
[    0.4157] Creating subdirectory in staging: resources\shaders
[    0.4171] Creating subdirectory in staging: resources\shaders\common
[    0.4181] Creating subdirectory in staging: resources\shaders\dx11
[    0.4192] Creating subdirectory in staging: resources\shaders\opengl
[    0.4202] Creating subdirectory in staging: resources\shaders\vulkan
[    0.4212] Creating subdirectory in staging: resources\sounds
[    0.4221] Creating subdirectory in staging: resources\sounds\achievements
[    0.4230] Creating subdirectory in staging: translations
[    0.4252] Decompressing 'docs\Debugger.pdf'...
[    0.6133] Writing 'docs\Debugger.pdf' to staging (175696 bytes)...
[    0.6160] Decompressing 'docs\GPL.html'...
[    0.6170] Writing 'docs\GPL.html' to staging (67801 bytes)...
[    0.6189] Decompressing 'docs\GameIndex.pdf'...
[    0.6198] Writing 'docs\GameIndex.pdf' to staging (55995 bytes)...
[    0.6217] Decompressing 'docs\ThirdPartyLicenses.html'...
[    0.6229] Writing 'docs\ThirdPartyLicenses.html' to staging (180803 bytes)...
[    0.6247] Decompressing 'docs\debugger.txt'...
[    0.6255] Writing 'docs\debugger.txt' to staging (1977 bytes)...
[    0.6270] Decompressing 'qt.conf'...
[    0.6278] Writing 'qt.conf' to staging (30 bytes)...
[    0.6291] Decompressing 'resources\GameIndex.yaml'...
[    0.6308] Writing 'resources\GameIndex.yaml' to staging (2352696 bytes)...
[    0.6332] Decompressing 'resources\RedumpDatabase.yaml'...
[    0.6351] Writing 'resources\RedumpDatabase.yaml' to staging (1921658 bytes)...
[    0.6382] Decompressing 'resources\cover-placeholder.png'...
[    0.6391] Writing 'resources\cover-placeholder.png' to staging (56075 bytes)...
[    0.6410] Decompressing 'resources\fonts\Roboto-Regular-copyright'...
[    0.6418] Writing 'resources\fonts\Roboto-Regular-copyright' to staging (1328 bytes)...
[    0.6452] Decompressing 'resources\fonts\Roboto-Regular.ttf'...
[    0.6466] Writing 'resources\fonts\Roboto-Regular.ttf' to staging (305608 bytes)...
[    0.6484] Decompressing 'resources\fonts\RobotoMono-Medium.ttf'...
[    0.6492] Writing 'resources\fonts\RobotoMono-Medium.ttf' to staging (86820 bytes)...
[    0.6507] Decompressing 'resources\fonts\fa-solid-900.ttf'...
[    0.6516] Writing 'resources\fonts\fa-solid-900.ttf' to staging (204528 bytes)...
[    0.6534] Decompressing 'resources\fonts\promptfont-license'...
[    0.6542] Writing 'resources\fonts\promptfont-license' to staging (4392 bytes)...
[    0.6557] Decompressing 'resources\fonts\promptfont.otf'...
[    0.6566] Writing 'resources\fonts\promptfont.otf' to staging (245668 bytes)...
[    0.6583] Decompressing 'resources\fullscreenui\applications-system.png'...
[    0.6590] Writing 'resources\fullscreenui\applications-system.png' to staging (38882 bytes)...
[    0.6606] Decompressing 'resources\fullscreenui\back-icon.png'...
[    0.6620] Writing 'resources\fullscreenui\back-icon.png' to staging (8716 bytes)...
[    0.6653] Decompressing 'resources\fullscreenui\desktop-mode.png'...
[    0.6664] Writing 'resources\fullscreenui\desktop-mode.png' to staging (13112 bytes)...
[    0.6701] Decompressing 'resources\fullscreenui\drive-cdrom.png'...
[    0.6714] Writing 'resources\fullscreenui\drive-cdrom.png' to staging (19787 bytes)...
[    0.6756] Decompressing 'resources\fullscreenui\exit.png'...
[    0.6770] Writing 'resources\fullscreenui\exit.png' to staging (27912 bytes)...
[    0.6797] Decompressing 'resources\fullscreenui\game-list.png'...
[    0.6810] Writing 'resources\fullscreenui\game-list.png' to staging (48833 bytes)...
[    0.6828] Decompressing 'resources\fullscreenui\media-cdrom.png'...
[    0.6836] Writing 'resources\fullscreenui\media-cdrom.png' to staging (102542 bytes)...
[    0.6864] Decompressing 'resources\fullscreenui\no-save.png'...
[    0.6880] Writing 'resources\fullscreenui\no-save.png' to staging (9655 bytes)...
[    0.6902] Decompressing 'resources\fullscreenui\placeholder.png'...
[    0.6910] Writing 'resources\fullscreenui\placeholder.png' to staging (2668 bytes)...
[    0.6937] Decompressing 'resources\fullscreenui\start-bios.png'...
[    0.6947] Writing 'resources\fullscreenui\start-bios.png' to staging (13820 bytes)...
[    0.6963] Decompressing 'resources\fullscreenui\start-file.png'...
[    0.6971] Writing 'resources\fullscreenui\start-file.png' to staging (23022 bytes)...
[    0.6987] Decompressing 'resources\game_controller_db.txt'...
[    0.6996] Writing 'resources\game_controller_db.txt' to staging (472507 bytes)...
[    0.7025] Decompressing 'resources\icons\AppIconLarge.png'...
[    0.7034] Writing 'resources\icons\AppIconLarge.png' to staging (20261 bytes)...
[    0.7050] Decompressing 'resources\icons\flags\NTSC-B.png'...
[    0.7058] Writing 'resources\icons\flags\NTSC-B.png' to staging (10285 bytes)...
[    0.7076] Decompressing 'resources\icons\flags\NTSC-C.png'...
[    0.7083] Writing 'resources\icons\flags\NTSC-C.png' to staging (2614 bytes)...
[    0.7111] Decompressing 'resources\icons\flags\NTSC-HK.png'...
[    0.7120] Writing 'resources\icons\flags\NTSC-HK.png' to staging (6007 bytes)...
[    0.7137] Decompressing 'resources\icons\flags\NTSC-J.png'...
[    0.7146] Writing 'resources\icons\flags\NTSC-J.png' to staging (1248 bytes)...
[    0.7161] Decompressing 'resources\icons\flags\NTSC-K.png'...
[    0.7169] Writing 'resources\icons\flags\NTSC-K.png' to staging (12485 bytes)...
[    0.7191] Decompressing 'resources\icons\flags\NTSC-T.png'...
[    0.7200] Writing 'resources\icons\flags\NTSC-T.png' to staging (4809 bytes)...
[    0.7217] Decompressing 'resources\icons\flags\NTSC-U.png'...
[    0.7225] Writing 'resources\icons\flags\NTSC-U.png' to staging (9006 bytes)...
[    0.7247] Decompressing 'resources\icons\flags\Other.png'...
[    0.7256] Writing 'resources\icons\flags\Other.png' to staging (9805 bytes)...
[    0.7270] Decompressing 'resources\icons\flags\PAL-A.png'...
[    0.7278] Writing 'resources\icons\flags\PAL-A.png' to staging (9294 bytes)...
[    0.7301] Decompressing 'resources\icons\flags\PAL-AF.png'...
[    0.7313] Writing 'resources\icons\flags\PAL-AF.png' to staging (7938 bytes)...
[    0.7338] Decompressing 'resources\icons\flags\PAL-AU.png'...
[    0.7351] Writing 'resources\icons\flags\PAL-AU.png' to staging (608 bytes)...
[    0.7376] Decompressing 'resources\icons\flags\PAL-BE.png'...
[    0.7385] Writing 'resources\icons\flags\PAL-BE.png' to staging (1289 bytes)...
[    0.7415] Decompressing 'resources\icons\flags\PAL-E.png'...
[    0.7426] Writing 'resources\icons\flags\PAL-E.png' to staging (4061 bytes)...
[    0.7442] Decompressing 'resources\icons\flags\PAL-F.png'...
[    0.7450] Writing 'resources\icons\flags\PAL-F.png' to staging (1338 bytes)...
[    0.7464] Decompressing 'resources\icons\flags\PAL-FI.png'...
[    0.7487] Writing 'resources\icons\flags\PAL-FI.png' to staging (2202 bytes)...
[    0.7509] Decompressing 'resources\icons\flags\PAL-G.png'...
[    0.7519] Writing 'resources\icons\flags\PAL-G.png' to staging (1446 bytes)...
[    0.7540] Decompressing 'resources\icons\flags\PAL-GR.png'...
[    0.7548] Writing 'resources\icons\flags\PAL-GR.png' to staging (2451 bytes)...
[    0.7569] Decompressing 'resources\icons\flags\PAL-I.png'...
[    0.7578] Writing 'resources\icons\flags\PAL-I.png' to staging (1092 bytes)...
[    0.7596] Decompressing 'resources\icons\flags\PAL-IN.png'...
[    0.7604] Writing 'resources\icons\flags\PAL-IN.png' to staging (6219 bytes)...
[    0.7619] Decompressing 'resources\icons\flags\PAL-M.png'...
[    0.7640] Writing 'resources\icons\flags\PAL-M.png' to staging (4061 bytes)...
[    0.7659] Decompressing 'resources\icons\flags\PAL-NL.png'...
[    0.7667] Writing 'resources\icons\flags\PAL-NL.png' to staging (1811 bytes)...
[    0.7685] Decompressing 'resources\icons\flags\PAL-NO.png'...
[    0.7693] Writing 'resources\icons\flags\PAL-NO.png' to staging (2786 bytes)...
[    0.7711] Decompressing 'resources\icons\flags\PAL-P.png'...
[    0.7729] Writing 'resources\icons\flags\PAL-P.png' to staging (2633 bytes)...
[    0.7744] Decompressing 'resources\icons\flags\PAL-PL.png'...
[    0.7752] Writing 'resources\icons\flags\PAL-PL.png' to staging (487 bytes)...
[    0.7768] Decompressing 'resources\icons\flags\PAL-R.png'...
[    0.7779] Writing 'resources\icons\flags\PAL-R.png' to staging (1807 bytes)...
[    0.7795] Decompressing 'resources\icons\flags\PAL-S.png'...
[    0.7805] Writing 'resources\icons\flags\PAL-S.png' to staging (14346 bytes)...
[    0.7823] Decompressing 'resources\icons\flags\PAL-SC.png'...
[    0.7833] Writing 'resources\icons\flags\PAL-SC.png' to staging (959 bytes)...
[    0.7848] Decompressing 'resources\icons\flags\PAL-SW.png'...
[    0.7861] Writing 'resources\icons\flags\PAL-SW.png' to staging (581 bytes)...
[    0.7882] Decompressing 'resources\icons\flags\PAL-SWI.png'...
[    0.7890] Writing 'resources\icons\flags\PAL-SWI.png' to staging (2084 bytes)...
[    0.7904] Decompressing 'resources\icons\flags\PAL-UK.png'...
[    0.7911] Writing 'resources\icons\flags\PAL-UK.png' to staging (5761 bytes)...
[    0.7929] Decompressing 'resources\icons\star-0.png'...
[    0.7943] Writing 'resources\icons\star-0.png' to staging (296 bytes)...
[    0.7959] Decompressing 'resources\icons\star-1.png'...
[    0.7967] Writing 'resources\icons\star-1.png' to staging (442 bytes)...
[    0.7983] Decompressing 'resources\icons\star-2.png'...
[    0.7992] Writing 'resources\icons\star-2.png' to staging (534 bytes)...
[    0.8008] Decompressing 'resources\icons\star-3.png'...
[    0.8022] Writing 'resources\icons\star-3.png' to staging (505 bytes)...
[    0.8049] Decompressing 'resources\icons\star-4.png'...
[    0.8057] Writing 'resources\icons\star-4.png' to staging (442 bytes)...
[    0.8073] Decompressing 'resources\icons\star-5.png'...
[    0.8083] Writing 'resources\icons\star-5.png' to staging (297 bytes)...
[    0.8107] Decompressing 'resources\patches.zip'...
[    0.8121] Writing 'resources\patches.zip' to staging (1856574 bytes)...
[    0.8142] Decompressing 'resources\shaders\common\ffx_a.h'...
[    0.8152] Writing 'resources\shaders\common\ffx_a.h' to staging (163893 bytes)...
[    0.8170] Decompressing 'resources\shaders\common\ffx_cas.h'...
[    0.8178] Writing 'resources\shaders\common\ffx_cas.h' to staging (64988 bytes)...
[    0.8197] Decompressing 'resources\shaders\common\fxaa.fx'...
[    0.8205] Writing 'resources\shaders\common\fxaa.fx' to staging (17951 bytes)...
[    0.8221] Decompressing 'resources\shaders\dx11\cas.hlsl'...
[    0.8229] Writing 'resources\shaders\dx11\cas.hlsl' to staging (2672 bytes)...
[    0.8246] Decompressing 'resources\shaders\dx11\convert.fx'...
[    0.8254] Writing 'resources\shaders\dx11\convert.fx' to staging (11899 bytes)...
[    0.8272] Decompressing 'resources\shaders\dx11\imgui.fx'...
[    0.8279] Writing 'resources\shaders\dx11\imgui.fx' to staging (775 bytes)...
[    0.8293] Decompressing 'resources\shaders\dx11\interlace.fx'...
[    0.8303] Writing 'resources\shaders\dx11\interlace.fx' to staging (6420 bytes)...
[    0.8322] Decompressing 'resources\shaders\dx11\merge.fx'...
[    0.8330] Writing 'resources\shaders\dx11\merge.fx' to staging (571 bytes)...
[    0.8343] Decompressing 'resources\shaders\dx11\present.fx'...
[    0.8353] Writing 'resources\shaders\dx11\present.fx' to staging (11425 bytes)...
[    0.8370] Decompressing 'resources\shaders\dx11\shadeboost.fx'...
[    0.8379] Writing 'resources\shaders\dx11\shadeboost.fx' to staging (1283 bytes)...
[    0.8399] Decompressing 'resources\shaders\dx11\tfx.fx'...
[    0.8408] Writing 'resources\shaders\dx11\tfx.fx' to staging (33233 bytes)...
[    0.8428] Decompressing 'resources\shaders\opengl\cas.glsl'...
[    0.8437] Writing 'resources\shaders\opengl\cas.glsl' to staging (2477 bytes)...
[    0.8452] Decompressing 'resources\shaders\opengl\convert.glsl'...
[    0.8462] Writing 'resources\shaders\opengl\convert.glsl' to staging (12670 bytes)...
[    0.8484] Decompressing 'resources\shaders\opengl\imgui.glsl'...
[    0.8492] Writing 'resources\shaders\opengl\imgui.glsl' to staging (675 bytes)...
[    0.8508] Decompressing 'resources\shaders\opengl\interlace.glsl'...
[    0.8516] Writing 'resources\shaders\opengl\interlace.glsl' to staging (6125 bytes)...
[    0.8535] Decompressing 'resources\shaders\opengl\merge.glsl'...
[    0.8543] Writing 'resources\shaders\opengl\merge.glsl' to staging (612 bytes)...
[    0.8562] Decompressing 'resources\shaders\opengl\present.glsl'...
[    0.8570] Writing 'resources\shaders\opengl\present.glsl' to staging (12198 bytes)...
[    0.8589] Decompressing 'resources\shaders\opengl\shadeboost.glsl'...
[    0.8597] Writing 'resources\shaders\opengl\shadeboost.glsl' to staging (1608 bytes)...
[    0.8613] Decompressing 'resources\shaders\opengl\tfx_fs.glsl'...
[    0.8621] Writing 'resources\shaders\opengl\tfx_fs.glsl' to staging (29825 bytes)...
[    0.8641] Decompressing 'resources\shaders\opengl\tfx_vgs.glsl'...
[    0.8649] Writing 'resources\shaders\opengl\tfx_vgs.glsl' to staging (5676 bytes)...
[    0.8673] Decompressing 'resources\shaders\vulkan\cas.glsl'...
[    0.8682] Writing 'resources\shaders\vulkan\cas.glsl' to staging (2708 bytes)...
[    0.8698] Decompressing 'resources\shaders\vulkan\convert.glsl'...
[    0.8709] Writing 'resources\shaders\vulkan\convert.glsl' to staging (12050 bytes)...
[    0.8731] Decompressing 'resources\shaders\vulkan\imgui.glsl'...
[    0.8740] Writing 'resources\shaders\vulkan\imgui.glsl' to staging (833 bytes)...
[    0.8754] Decompressing 'resources\shaders\vulkan\interlace.glsl'...
[    0.8762] Writing 'resources\shaders\vulkan\interlace.glsl' to staging (6532 bytes)...
[    0.8787] Decompressing 'resources\shaders\vulkan\merge.glsl'...
[    0.8796] Writing 'resources\shaders\vulkan\merge.glsl' to staging (805 bytes)...
[    0.8810] Decompressing 'resources\shaders\vulkan\present.glsl'...
[    0.8819] Writing 'resources\shaders\vulkan\present.glsl' to staging (10771 bytes)...
[    0.8838] Decompressing 'resources\shaders\vulkan\shadeboost.glsl'...
[    0.8848] Writing 'resources\shaders\vulkan\shadeboost.glsl' to staging (1905 bytes)...
[    0.8870] Decompressing 'resources\shaders\vulkan\tfx.glsl'...
[    0.8878] Writing 'resources\shaders\vulkan\tfx.glsl' to staging (34631 bytes)...
[    0.8898] Decompressing 'resources\sounds\achievements\README.txt'...
[    0.8906] Writing 'resources\sounds\achievements\README.txt' to staging (151 bytes)...
[    0.8920] Decompressing 'translations\pcsx2-qt_af-ZA.qm'...
[    0.8930] Writing 'translations\pcsx2-qt_af-ZA.qm' to staging (576483 bytes)...
[    0.8955] Decompressing 'translations\pcsx2-qt_ar-SA.qm'...
[    0.8966] Writing 'translations\pcsx2-qt_ar-SA.qm' to staging (565508 bytes)...
[    0.8990] Decompressing 'translations\pcsx2-qt_bg-BG.qm'...
[    0.9002] Writing 'translations\pcsx2-qt_bg-BG.qm' to staging (574825 bytes)...
[    0.9034] Decompressing 'translations\pcsx2-qt_ca-ES.qm'...
[    0.9045] Writing 'translations\pcsx2-qt_ca-ES.qm' to staging (625887 bytes)...
[    0.9064] Decompressing 'translations\pcsx2-qt_cs-CZ.qm'...
[    0.9074] Writing 'translations\pcsx2-qt_cs-CZ.qm' to staging (580654 bytes)...
[    0.9108] Decompressing 'translations\pcsx2-qt_da-DK.qm'...
[    0.9119] Writing 'translations\pcsx2-qt_da-DK.qm' to staging (574195 bytes)...
[    0.9137] Decompressing 'translations\pcsx2-qt_de-DE.qm'...
[    0.9147] Writing 'translations\pcsx2-qt_de-DE.qm' to staging (621173 bytes)...
[    0.9165] Decompressing 'translations\pcsx2-qt_el-GR.qm'...
[    0.9176] Writing 'translations\pcsx2-qt_el-GR.qm' to staging (591857 bytes)...
[    0.9192] Decompressing 'translations\pcsx2-qt_en-US.qm'...
[    0.9201] Writing 'translations\pcsx2-qt_en-US.qm' to staging (1569 bytes)...
[    0.9221] Decompressing 'translations\pcsx2-qt_en.qm'...
[    0.9229] Writing 'translations\pcsx2-qt_en.qm' to staging (668 bytes)...
[    0.9242] Decompressing 'translations\pcsx2-qt_es-419.qm'...
[    0.9252] Writing 'translations\pcsx2-qt_es-419.qm' to staging (593722 bytes)...
[    0.9270] Decompressing 'translations\pcsx2-qt_es-ES.qm'...
[    0.9280] Writing 'translations\pcsx2-qt_es-ES.qm' to staging (644227 bytes)...
[    0.9296] Decompressing 'translations\pcsx2-qt_fa-IR.qm'...
[    0.9309] Writing 'translations\pcsx2-qt_fa-IR.qm' to staging (583555 bytes)...
[    0.9327] Decompressing 'translations\pcsx2-qt_fi-FI.qm'...
[    0.9338] Writing 'translations\pcsx2-qt_fi-FI.qm' to staging (600397 bytes)...
[    0.9357] Decompressing 'translations\pcsx2-qt_fr-FR.qm'...
[    0.9371] Writing 'translations\pcsx2-qt_fr-FR.qm' to staging (647553 bytes)...
[    0.9392] Decompressing 'translations\pcsx2-qt_he-IL.qm'...
[    0.9402] Writing 'translations\pcsx2-qt_he-IL.qm' to staging (569535 bytes)...
[    0.9424] Decompressing 'translations\pcsx2-qt_hi-IN.qm'...
[    0.9435] Writing 'translations\pcsx2-qt_hi-IN.qm' to staging (574315 bytes)...
[    0.9457] Decompressing 'translations\pcsx2-qt_hr-HR.qm'...
[    0.9467] Writing 'translations\pcsx2-qt_hr-HR.qm' to staging (579225 bytes)...
[    0.9486] Decompressing 'translations\pcsx2-qt_hu-HU.qm'...
[    0.9496] Writing 'translations\pcsx2-qt_hu-HU.qm' to staging (612873 bytes)...
[    0.9518] Decompressing 'translations\pcsx2-qt_id-ID.qm'...
[    0.9530] Writing 'translations\pcsx2-qt_id-ID.qm' to staging (594301 bytes)...
[    0.9549] Decompressing 'translations\pcsx2-qt_it-IT.qm'...
[    0.9563] Writing 'translations\pcsx2-qt_it-IT.qm' to staging (629373 bytes)...
[    0.9582] Decompressing 'translations\pcsx2-qt_ja-JP.qm'...
[    0.9591] Writing 'translations\pcsx2-qt_ja-JP.qm' to staging (485041 bytes)...
[    0.9606] Decompressing 'translations\pcsx2-qt_ka-GE.qm'...
[    0.9617] Writing 'translations\pcsx2-qt_ka-GE.qm' to staging (576225 bytes)...
[    0.9642] Decompressing 'translations\pcsx2-qt_ko-KR.qm'...
[    0.9651] Writing 'translations\pcsx2-qt_ko-KR.qm' to staging (460277 bytes)...
[    0.9670] Decompressing 'translations\pcsx2-qt_lt-LT.qm'...
[    0.9683] Writing 'translations\pcsx2-qt_lt-LT.qm' to staging (596078 bytes)...
[    0.9705] Decompressing 'translations\pcsx2-qt_lv-LV.qm'...
[    0.9722] Writing 'translations\pcsx2-qt_lv-LV.qm' to staging (575642 bytes)...
[    0.9743] Decompressing 'translations\pcsx2-qt_nl-NL.qm'...
[    0.9754] Writing 'translations\pcsx2-qt_nl-NL.qm' to staging (589907 bytes)...
[    0.9774] Decompressing 'translations\pcsx2-qt_no-NO.qm'...
[    0.9784] Writing 'translations\pcsx2-qt_no-NO.qm' to staging (579883 bytes)...
[    0.9806] Decompressing 'translations\pcsx2-qt_pl-PL.qm'...
[    0.9817] Writing 'translations\pcsx2-qt_pl-PL.qm' to staging (609552 bytes)...
[    0.9838] Decompressing 'translations\pcsx2-qt_pt-BR.qm'...
[    0.9849] Writing 'translations\pcsx2-qt_pt-BR.qm' to staging (622235 bytes)...
[    0.9869] Decompressing 'translations\pcsx2-qt_pt-PT.qm'...
[    0.9880] Writing 'translations\pcsx2-qt_pt-PT.qm' to staging (592611 bytes)...
[    0.9896] Decompressing 'translations\pcsx2-qt_ro-RO.qm'...
[    0.9906] Writing 'translations\pcsx2-qt_ro-RO.qm' to staging (581595 bytes)...
[    0.9929] Decompressing 'translations\pcsx2-qt_ru-RU.qm'...
[    0.9942] Writing 'translations\pcsx2-qt_ru-RU.qm' to staging (610625 bytes)...
[    0.9957] Decompressing 'translations\pcsx2-qt_sr-SP.qm'...
[    0.9967] Writing 'translations\pcsx2-qt_sr-SP.qm' to staging (575713 bytes)...
[    0.9988] Decompressing 'translations\pcsx2-qt_sv-SE.qm'...
[    0.9997] Writing 'translations\pcsx2-qt_sv-SE.qm' to staging (579777 bytes)...
[    1.0020] Decompressing 'translations\pcsx2-qt_tr-TR.qm'...
[    1.0031] Writing 'translations\pcsx2-qt_tr-TR.qm' to staging (584433 bytes)...
[    1.0052] Decompressing 'translations\pcsx2-qt_uk-UA.qm'...
[    1.0061] Writing 'translations\pcsx2-qt_uk-UA.qm' to staging (596313 bytes)...
[    1.0076] Decompressing 'translations\pcsx2-qt_vi-VN.qm'...
[    1.0087] Writing 'translations\pcsx2-qt_vi-VN.qm' to staging (574593 bytes)...
[    1.0107] Decompressing 'translations\pcsx2-qt_zh-CN.qm'...
[    1.0119] Writing 'translations\pcsx2-qt_zh-CN.qm' to staging (415677 bytes)...
[    1.0141] Decompressing 'translations\pcsx2-qt_zh-TW.qm'...
[    1.0153] Writing 'translations\pcsx2-qt_zh-TW.qm' to staging (479637 bytes)...
[    1.0174] Decompressing 'translations\qt_ar.qm'...
[    1.0185] Writing 'translations\qt_ar.qm' to staging (180727 bytes)...
[    1.0201] Decompressing 'translations\qt_bg.qm'...
[    1.0211] Writing 'translations\qt_bg.qm' to staging (349958 bytes)...
[    1.0228] Decompressing 'translations\qt_ca.qm'...
[    1.0243] Writing 'translations\qt_ca.qm' to staging (453839 bytes)...
[    1.0266] Decompressing 'translations\qt_cs.qm'...
[    1.0275] Writing 'translations\qt_cs.qm' to staging (205810 bytes)...
[    1.0295] Decompressing 'translations\qt_da.qm'...
[    1.0306] Writing 'translations\qt_da.qm' to staging (359400 bytes)...
[    1.0328] Decompressing 'translations\qt_de.qm'...
[    1.0338] Writing 'translations\qt_de.qm' to staging (475897 bytes)...
[    1.0359] Decompressing 'translations\qt_en.qm'...
[    1.0368] Writing 'translations\qt_en.qm' to staging (33 bytes)...
[    1.0384] Decompressing 'translations\qt_es.qm'...
[    1.0394] Writing 'translations\qt_es.qm' to staging (343063 bytes)...
[    1.0416] Decompressing 'translations\qt_fa.qm'...
[    1.0425] Writing 'translations\qt_fa.qm' to staging (189261 bytes)...
[    1.0440] Decompressing 'translations\qt_fi.qm'...
[    1.0451] Writing 'translations\qt_fi.qm' to staging (303243 bytes)...
[    1.0468] Decompressing 'translations\qt_fr.qm'...
[    1.0477] Writing 'translations\qt_fr.qm' to staging (261799 bytes)...
[    1.0495] Decompressing 'translations\qt_gd.qm'...
[    1.0512] Writing 'translations\qt_gd.qm' to staging (189580 bytes)...
[    1.0530] Decompressing 'translations\qt_gl.qm'...
[    1.0541] Writing 'translations\qt_gl.qm' to staging (323590 bytes)...
[    1.0566] Decompressing 'translations\qt_he.qm'...
[    1.0574] Writing 'translations\qt_he.qm' to staging (138690 bytes)...
[    1.0590] Decompressing 'translations\qt_hr.qm'...
[    1.0599] Writing 'translations\qt_hr.qm' to staging (321892 bytes)...
[    1.0615] Decompressing 'translations\qt_hu.qm'...
[    1.0624] Writing 'translations\qt_hu.qm' to staging (420689 bytes)...
[    1.0644] Decompressing 'translations\qt_it.qm'...
[    1.0653] Writing 'translations\qt_it.qm' to staging (188853 bytes)...
[    1.0669] Decompressing 'translations\qt_ja.qm'...
[    1.0679] Writing 'translations\qt_ja.qm' to staging (206311 bytes)...
[    1.0697] Decompressing 'translations\qt_ka.qm'...
[    1.0709] Writing 'translations\qt_ka.qm' to staging (436344 bytes)...
[    1.0731] Decompressing 'translations\qt_ko.qm'...
[    1.0739] Writing 'translations\qt_ko.qm' to staging (310541 bytes)...
[    1.0760] Decompressing 'translations\qt_lt.qm'...
[    1.0771] Writing 'translations\qt_lt.qm' to staging (165383 bytes)...
[    1.0788] Decompressing 'translations\qt_lv.qm'...
[    1.0801] Writing 'translations\qt_lv.qm' to staging (207499 bytes)...
[    1.0818] Decompressing 'translations\qt_nl.qm'...
[    1.0829] Writing 'translations\qt_nl.qm' to staging (389395 bytes)...
[    1.0846] Decompressing 'translations\qt_nn.qm'...
[    1.0863] Writing 'translations\qt_nn.qm' to staging (217524 bytes)...
[    1.0884] Decompressing 'translations\qt_pl.qm'...
[    1.0897] Writing 'translations\qt_pl.qm' to staging (340727 bytes)...
[    1.0912] Decompressing 'translations\qt_pt_BR.qm'...
[    1.0921] Writing 'translations\qt_pt_BR.qm' to staging (398445 bytes)...
[    1.0938] Decompressing 'translations\qt_pt_PT.qm'...
[    1.0946] Writing 'translations\qt_pt_PT.qm' to staging (70334 bytes)...
[    1.0965] Decompressing 'translations\qt_ru.qm'...
[    1.0976] Writing 'translations\qt_ru.qm' to staging (411382 bytes)...
[    1.0999] Decompressing 'translations\qt_sk.qm'...
[    1.1007] Writing 'translations\qt_sk.qm' to staging (194563 bytes)...
[    1.1030] Decompressing 'translations\qt_sl.qm'...
[    1.1040] Writing 'translations\qt_sl.qm' to staging (228428 bytes)...
[    1.1058] Decompressing 'translations\qt_sv.qm'...
[    1.1065] Writing 'translations\qt_sv.qm' to staging (65851 bytes)...
[    1.1087] Decompressing 'translations\qt_tr.qm'...
[    1.1104] Writing 'translations\qt_tr.qm' to staging (371676 bytes)...
[    1.1120] Decompressing 'translations\qt_uk.qm'...
[    1.1130] Writing 'translations\qt_uk.qm' to staging (343921 bytes)...
[    1.1147] Decompressing 'translations\qt_zh_CN.qm'...
[    1.1156] Writing 'translations\qt_zh_CN.qm' to staging (297972 bytes)...
[    1.1172] Decompressing 'translations\qt_zh_TW.qm'...
[    1.1186] Writing 'translations\qt_zh_TW.qm' to staging (141711 bytes)...
[    1.1211] Decompressing 'resources\sounds\achievements\lbsubmit.wav'...
[    1.1258] Writing 'resources\sounds\achievements\lbsubmit.wav' to staging (82096 bytes)...
[    1.1275] Decompressing 'resources\sounds\achievements\message.wav'...
[    1.1283] Writing 'resources\sounds\achievements\message.wav' to staging (15696 bytes)...
[    1.1304] Decompressing 'resources\sounds\achievements\unlock.wav'...
[    1.1313] Writing 'resources\sounds\achievements\unlock.wav' to staging (87714 bytes)...
[    1.1327] Decompressing 'Qt6Core.dll'...
[    1.5964] Writing 'Qt6Core.dll' to staging (5742592 bytes)...
[    1.6012] Decompressing 'Qt6Gui.dll'...
[    1.6054] Writing 'Qt6Gui.dll' to staging (7336448 bytes)...
[    1.6096] Decompressing 'Qt6Network.dll'...
[    1.6113] Writing 'Qt6Network.dll' to staging (1744896 bytes)...
[    1.6148] Decompressing 'Qt6Svg.dll'...
[    1.6158] Writing 'Qt6Svg.dll' to staging (501248 bytes)...
[    1.6178] Decompressing 'Qt6Widgets.dll'...
[    1.6209] Writing 'Qt6Widgets.dll' to staging (6448640 bytes)...
[    1.6249] Decompressing 'QtPlugins\generic\qtuiotouchplugin.dll'...
[    1.6259] Writing 'QtPlugins\generic\qtuiotouchplugin.dll' to staging (88064 bytes)...
[    1.6281] Decompressing 'QtPlugins\iconengines\qsvgicon.dll'...
[    1.6290] Writing 'QtPlugins\iconengines\qsvgicon.dll' to staging (65024 bytes)...
[    1.6313] Decompressing 'QtPlugins\imageformats\qgif.dll'...
[    1.6322] Writing 'QtPlugins\imageformats\qgif.dll' to staging (35840 bytes)...
[    1.6340] Decompressing 'QtPlugins\imageformats\qicns.dll'...
[    1.6348] Writing 'QtPlugins\imageformats\qicns.dll' to staging (43008 bytes)...
[    1.6369] Decompressing 'QtPlugins\imageformats\qico.dll'...
[    1.6379] Writing 'QtPlugins\imageformats\qico.dll' to staging (33792 bytes)...
[    1.6397] Decompressing 'QtPlugins\imageformats\qjpeg.dll'...
[    1.6406] Writing 'QtPlugins\imageformats\qjpeg.dll' to staging (51712 bytes)...
[    1.6436] Decompressing 'QtPlugins\imageformats\qsvg.dll'...
[    1.6444] Writing 'QtPlugins\imageformats\qsvg.dll' to staging (26624 bytes)...
[    1.6460] Decompressing 'QtPlugins\imageformats\qtga.dll'...
[    1.6469] Writing 'QtPlugins\imageformats\qtga.dll' to staging (26112 bytes)...
[    1.6488] Decompressing 'QtPlugins\imageformats\qtiff.dll'...
[    1.6497] Writing 'QtPlugins\imageformats\qtiff.dll' to staging (427520 bytes)...
[    1.6515] Decompressing 'QtPlugins\imageformats\qwbmp.dll'...
[    1.6523] Writing 'QtPlugins\imageformats\qwbmp.dll' to staging (24576 bytes)...
[    1.6546] Decompressing 'QtPlugins\imageformats\qwebp.dll'...
[    1.6554] Writing 'QtPlugins\imageformats\qwebp.dll' to staging (30720 bytes)...
[    1.6571] Decompressing 'QtPlugins\networkinformation\qnetworklistmanager.dll'...
[    1.6586] Writing 'QtPlugins\networkinformation\qnetworklistmanager.dll' to staging (58368 bytes)...
[    1.6608] Decompressing 'QtPlugins\platforms\qwindows.dll'...
[    1.6619] Writing 'QtPlugins\platforms\qwindows.dll' to staging (886272 bytes)...
[    1.6639] Decompressing 'QtPlugins\styles\qmodernwindowsstyle.dll'...
[    1.6649] Writing 'QtPlugins\styles\qmodernwindowsstyle.dll' to staging (199168 bytes)...
[    1.6670] Decompressing 'QtPlugins\tls\qcertonlybackend.dll'...
[    1.6682] Writing 'QtPlugins\tls\qcertonlybackend.dll' to staging (87552 bytes)...
[    1.6703] Decompressing 'QtPlugins\tls\qschannelbackend.dll'...
[    1.6714] Writing 'QtPlugins\tls\qschannelbackend.dll' to staging (235008 bytes)...
[    1.6732] Decompressing 'SDL2.dll'...
[    1.6753] Writing 'SDL2.dll' to staging (3167232 bytes)...
[    1.6789] Decompressing 'freetype.dll'...
[    1.6800] Writing 'freetype.dll' to staging (678400 bytes)...
[    1.6821] Decompressing 'harfbuzz.dll'...
[    1.6834] Writing 'harfbuzz.dll' to staging (1034752 bytes)...
[    1.6854] Decompressing 'libjpeg.dll'...
[    1.6862] Writing 'libjpeg.dll' to staging (275456 bytes)...
[    1.6882] Decompressing 'libpng16.dll'...
[    1.6891] Writing 'libpng16.dll' to staging (202240 bytes)...
[    1.6911] Decompressing 'libsharpyuv.dll'...
[    1.6920] Writing 'libsharpyuv.dll' to staging (26112 bytes)...
[    1.6937] Decompressing 'libwebp.dll'...
[    1.6946] Writing 'libwebp.dll' to staging (373760 bytes)...
[    1.6962] Decompressing 'lz4.dll'...
[    1.6970] Writing 'lz4.dll' to staging (125440 bytes)...
[    1.6987] Decompressing 'pcsx2-qt.exe'...
[    1.7041] Writing 'pcsx2-qt.exe' to staging (13138944 bytes)...
[    1.7096] Decompressing 'shaderc_shared.dll'...
[    1.7122] Writing 'shaderc_shared.dll' to staging (4448256 bytes)...
[    1.7156] Decompressing 'zlib1.dll'...
[    1.7166] Writing 'zlib1.dll' to staging (90624 bytes)...
[    1.7187] Decompressing 'zstd.dll'...
[    1.7201] Writing 'zstd.dll' to staging (653312 bytes)...
[    1.7246] Moving 'D:\app\emulator\psx2\pcsx2_2.0.2\UPDATE_STAGING\docs\Debugger.pdf' to 'D:\app\emulator\psx2\pcsx2_2.0.2\docs\Debugger.pdf'
[    1.7260] Moving 'D:\app\emulator\psx2\pcsx2_2.0.2\UPDATE_STAGING\docs\GPL.html' to 'D:\app\emulator\psx2\pcsx2_2.0.2\docs\GPL.html'
[    1.7272] Moving 'D:\app\emulator\psx2\pcsx2_2.0.2\UPDATE_STAGING\docs\GameIndex.pdf' to 'D:\app\emulator\psx2\pcsx2_2.0.2\docs\GameIndex.pdf'
[    1.7284] Moving 'D:\app\emulator\psx2\pcsx2_2.0.2\UPDATE_STAGING\docs\ThirdPartyLicenses.html' to 'D:\app\emulator\psx2\pcsx2_2.0.2\docs\ThirdPartyLicenses.html'
[    1.7296] Moving 'D:\app\emulator\psx2\pcsx2_2.0.2\UPDATE_STAGING\docs\debugger.txt' to 'D:\app\emulator\psx2\pcsx2_2.0.2\docs\debugger.txt'
[    1.7308] Moving 'D:\app\emulator\psx2\pcsx2_2.0.2\UPDATE_STAGING\qt.conf' to 'D:\app\emulator\psx2\pcsx2_2.0.2\qt.conf'
[    1.7321] Moving 'D:\app\emulator\psx2\pcsx2_2.0.2\UPDATE_STAGING\resources\GameIndex.yaml' to 'D:\app\emulator\psx2\pcsx2_2.0.2\resources\GameIndex.yaml'
[    1.7333] Moving 'D:\app\emulator\psx2\pcsx2_2.0.2\UPDATE_STAGING\resources\RedumpDatabase.yaml' to 'D:\app\emulator\psx2\pcsx2_2.0.2\resources\RedumpDatabase.yaml'
[    1.7345] Moving 'D:\app\emulator\psx2\pcsx2_2.0.2\UPDATE_STAGING\resources\cover-placeholder.png' to 'D:\app\emulator\psx2\pcsx2_2.0.2\resources\cover-placeholder.png'
[    1.7359] Moving 'D:\app\emulator\psx2\pcsx2_2.0.2\UPDATE_STAGING\resources\fonts\Roboto-Regular-copyright' to 'D:\app\emulator\psx2\pcsx2_2.0.2\resources\fonts\Roboto-Regular-copyright'
[    1.7372] Moving 'D:\app\emulator\psx2\pcsx2_2.0.2\UPDATE_STAGING\resources\fonts\Roboto-Regular.ttf' to 'D:\app\emulator\psx2\pcsx2_2.0.2\resources\fonts\Roboto-Regular.ttf'
[    1.7385] Moving 'D:\app\emulator\psx2\pcsx2_2.0.2\UPDATE_STAGING\resources\fonts\RobotoMono-Medium.ttf' to 'D:\app\emulator\psx2\pcsx2_2.0.2\resources\fonts\RobotoMono-Medium.ttf'
[    1.7406] Moving 'D:\app\emulator\psx2\pcsx2_2.0.2\UPDATE_STAGING\resources\fonts\fa-solid-900.ttf' to 'D:\app\emulator\psx2\pcsx2_2.0.2\resources\fonts\fa-solid-900.ttf'
[    1.7421] Moving 'D:\app\emulator\psx2\pcsx2_2.0.2\UPDATE_STAGING\resources\fonts\promptfont-license' to 'D:\app\emulator\psx2\pcsx2_2.0.2\resources\fonts\promptfont-license'
[    1.7433] Moving 'D:\app\emulator\psx2\pcsx2_2.0.2\UPDATE_STAGING\resources\fonts\promptfont.otf' to 'D:\app\emulator\psx2\pcsx2_2.0.2\resources\fonts\promptfont.otf'
[    1.7449] Moving 'D:\app\emulator\psx2\pcsx2_2.0.2\UPDATE_STAGING\resources\fullscreenui\applications-system.png' to 'D:\app\emulator\psx2\pcsx2_2.0.2\resources\fullscreenui\applications-system.png'
[    1.7465] Moving 'D:\app\emulator\psx2\pcsx2_2.0.2\UPDATE_STAGING\resources\fullscreenui\back-icon.png' to 'D:\app\emulator\psx2\pcsx2_2.0.2\resources\fullscreenui\back-icon.png'
[    1.7478] Moving 'D:\app\emulator\psx2\pcsx2_2.0.2\UPDATE_STAGING\resources\fullscreenui\desktop-mode.png' to 'D:\app\emulator\psx2\pcsx2_2.0.2\resources\fullscreenui\desktop-mode.png'
[    1.7494] Moving 'D:\app\emulator\psx2\pcsx2_2.0.2\UPDATE_STAGING\resources\fullscreenui\drive-cdrom.png' to 'D:\app\emulator\psx2\pcsx2_2.0.2\resources\fullscreenui\drive-cdrom.png'
[    1.7512] Moving 'D:\app\emulator\psx2\pcsx2_2.0.2\UPDATE_STAGING\resources\fullscreenui\exit.png' to 'D:\app\emulator\psx2\pcsx2_2.0.2\resources\fullscreenui\exit.png'
[    1.7528] Moving 'D:\app\emulator\psx2\pcsx2_2.0.2\UPDATE_STAGING\resources\fullscreenui\game-list.png' to 'D:\app\emulator\psx2\pcsx2_2.0.2\resources\fullscreenui\game-list.png'
[    1.7543] Moving 'D:\app\emulator\psx2\pcsx2_2.0.2\UPDATE_STAGING\resources\fullscreenui\media-cdrom.png' to 'D:\app\emulator\psx2\pcsx2_2.0.2\resources\fullscreenui\media-cdrom.png'
[    1.7558] Moving 'D:\app\emulator\psx2\pcsx2_2.0.2\UPDATE_STAGING\resources\fullscreenui\no-save.png' to 'D:\app\emulator\psx2\pcsx2_2.0.2\resources\fullscreenui\no-save.png'
[    1.7572] Moving 'D:\app\emulator\psx2\pcsx2_2.0.2\UPDATE_STAGING\resources\fullscreenui\placeholder.png' to 'D:\app\emulator\psx2\pcsx2_2.0.2\resources\fullscreenui\placeholder.png'
[    1.7584] Moving 'D:\app\emulator\psx2\pcsx2_2.0.2\UPDATE_STAGING\resources\fullscreenui\start-bios.png' to 'D:\app\emulator\psx2\pcsx2_2.0.2\resources\fullscreenui\start-bios.png'
[    1.7597] Moving 'D:\app\emulator\psx2\pcsx2_2.0.2\UPDATE_STAGING\resources\fullscreenui\start-file.png' to 'D:\app\emulator\psx2\pcsx2_2.0.2\resources\fullscreenui\start-file.png'
[    1.7610] Moving 'D:\app\emulator\psx2\pcsx2_2.0.2\UPDATE_STAGING\resources\game_controller_db.txt' to 'D:\app\emulator\psx2\pcsx2_2.0.2\resources\game_controller_db.txt'
[    1.7623] Moving 'D:\app\emulator\psx2\pcsx2_2.0.2\UPDATE_STAGING\resources\icons\AppIconLarge.png' to 'D:\app\emulator\psx2\pcsx2_2.0.2\resources\icons\AppIconLarge.png'
[    1.7635] Moving 'D:\app\emulator\psx2\pcsx2_2.0.2\UPDATE_STAGING\resources\icons\flags\NTSC-B.png' to 'D:\app\emulator\psx2\pcsx2_2.0.2\resources\icons\flags\NTSC-B.png'
[    1.7647] Moving 'D:\app\emulator\psx2\pcsx2_2.0.2\UPDATE_STAGING\resources\icons\flags\NTSC-C.png' to 'D:\app\emulator\psx2\pcsx2_2.0.2\resources\icons\flags\NTSC-C.png'
[    1.7659] Moving 'D:\app\emulator\psx2\pcsx2_2.0.2\UPDATE_STAGING\resources\icons\flags\NTSC-HK.png' to 'D:\app\emulator\psx2\pcsx2_2.0.2\resources\icons\flags\NTSC-HK.png'
[    1.7670] Moving 'D:\app\emulator\psx2\pcsx2_2.0.2\UPDATE_STAGING\resources\icons\flags\NTSC-J.png' to 'D:\app\emulator\psx2\pcsx2_2.0.2\resources\icons\flags\NTSC-J.png'
[    1.7685] Moving 'D:\app\emulator\psx2\pcsx2_2.0.2\UPDATE_STAGING\resources\icons\flags\NTSC-K.png' to 'D:\app\emulator\psx2\pcsx2_2.0.2\resources\icons\flags\NTSC-K.png'
[    1.7697] Moving 'D:\app\emulator\psx2\pcsx2_2.0.2\UPDATE_STAGING\resources\icons\flags\NTSC-T.png' to 'D:\app\emulator\psx2\pcsx2_2.0.2\resources\icons\flags\NTSC-T.png'
[    1.7710] Moving 'D:\app\emulator\psx2\pcsx2_2.0.2\UPDATE_STAGING\resources\icons\flags\NTSC-U.png' to 'D:\app\emulator\psx2\pcsx2_2.0.2\resources\icons\flags\NTSC-U.png'
[    1.7724] Moving 'D:\app\emulator\psx2\pcsx2_2.0.2\UPDATE_STAGING\resources\icons\flags\Other.png' to 'D:\app\emulator\psx2\pcsx2_2.0.2\resources\icons\flags\Other.png'
[    1.7737] Moving 'D:\app\emulator\psx2\pcsx2_2.0.2\UPDATE_STAGING\resources\icons\flags\PAL-A.png' to 'D:\app\emulator\psx2\pcsx2_2.0.2\resources\icons\flags\PAL-A.png'
[    1.7749] Moving 'D:\app\emulator\psx2\pcsx2_2.0.2\UPDATE_STAGING\resources\icons\flags\PAL-AF.png' to 'D:\app\emulator\psx2\pcsx2_2.0.2\resources\icons\flags\PAL-AF.png'
[    1.7761] Moving 'D:\app\emulator\psx2\pcsx2_2.0.2\UPDATE_STAGING\resources\icons\flags\PAL-AU.png' to 'D:\app\emulator\psx2\pcsx2_2.0.2\resources\icons\flags\PAL-AU.png'
[    1.7773] Moving 'D:\app\emulator\psx2\pcsx2_2.0.2\UPDATE_STAGING\resources\icons\flags\PAL-BE.png' to 'D:\app\emulator\psx2\pcsx2_2.0.2\resources\icons\flags\PAL-BE.png'
[    1.7786] Moving 'D:\app\emulator\psx2\pcsx2_2.0.2\UPDATE_STAGING\resources\icons\flags\PAL-E.png' to 'D:\app\emulator\psx2\pcsx2_2.0.2\resources\icons\flags\PAL-E.png'
[    1.7799] Moving 'D:\app\emulator\psx2\pcsx2_2.0.2\UPDATE_STAGING\resources\icons\flags\PAL-F.png' to 'D:\app\emulator\psx2\pcsx2_2.0.2\resources\icons\flags\PAL-F.png'
[    1.7814] Moving 'D:\app\emulator\psx2\pcsx2_2.0.2\UPDATE_STAGING\resources\icons\flags\PAL-FI.png' to 'D:\app\emulator\psx2\pcsx2_2.0.2\resources\icons\flags\PAL-FI.png'
[    1.7830] Moving 'D:\app\emulator\psx2\pcsx2_2.0.2\UPDATE_STAGING\resources\icons\flags\PAL-G.png' to 'D:\app\emulator\psx2\pcsx2_2.0.2\resources\icons\flags\PAL-G.png'
[    1.7845] Moving 'D:\app\emulator\psx2\pcsx2_2.0.2\UPDATE_STAGING\resources\icons\flags\PAL-GR.png' to 'D:\app\emulator\psx2\pcsx2_2.0.2\resources\icons\flags\PAL-GR.png'
[    1.7859] Moving 'D:\app\emulator\psx2\pcsx2_2.0.2\UPDATE_STAGING\resources\icons\flags\PAL-I.png' to 'D:\app\emulator\psx2\pcsx2_2.0.2\resources\icons\flags\PAL-I.png'
[    1.7883] Moving 'D:\app\emulator\psx2\pcsx2_2.0.2\UPDATE_STAGING\resources\icons\flags\PAL-IN.png' to 'D:\app\emulator\psx2\pcsx2_2.0.2\resources\icons\flags\PAL-IN.png'
[    1.7896] Moving 'D:\app\emulator\psx2\pcsx2_2.0.2\UPDATE_STAGING\resources\icons\flags\PAL-M.png' to 'D:\app\emulator\psx2\pcsx2_2.0.2\resources\icons\flags\PAL-M.png'
[    1.7909] Moving 'D:\app\emulator\psx2\pcsx2_2.0.2\UPDATE_STAGING\resources\icons\flags\PAL-NL.png' to 'D:\app\emulator\psx2\pcsx2_2.0.2\resources\icons\flags\PAL-NL.png'
[    1.7921] Moving 'D:\app\emulator\psx2\pcsx2_2.0.2\UPDATE_STAGING\resources\icons\flags\PAL-NO.png' to 'D:\app\emulator\psx2\pcsx2_2.0.2\resources\icons\flags\PAL-NO.png'
[    1.7933] Moving 'D:\app\emulator\psx2\pcsx2_2.0.2\UPDATE_STAGING\resources\icons\flags\PAL-P.png' to 'D:\app\emulator\psx2\pcsx2_2.0.2\resources\icons\flags\PAL-P.png'
[    1.7945] Moving 'D:\app\emulator\psx2\pcsx2_2.0.2\UPDATE_STAGING\resources\icons\flags\PAL-PL.png' to 'D:\app\emulator\psx2\pcsx2_2.0.2\resources\icons\flags\PAL-PL.png'
[    1.7957] Moving 'D:\app\emulator\psx2\pcsx2_2.0.2\UPDATE_STAGING\resources\icons\flags\PAL-R.png' to 'D:\app\emulator\psx2\pcsx2_2.0.2\resources\icons\flags\PAL-R.png'
[    1.7973] Moving 'D:\app\emulator\psx2\pcsx2_2.0.2\UPDATE_STAGING\resources\icons\flags\PAL-S.png' to 'D:\app\emulator\psx2\pcsx2_2.0.2\resources\icons\flags\PAL-S.png'
[    1.7985] Moving 'D:\app\emulator\psx2\pcsx2_2.0.2\UPDATE_STAGING\resources\icons\flags\PAL-SC.png' to 'D:\app\emulator\psx2\pcsx2_2.0.2\resources\icons\flags\PAL-SC.png'
[    1.7996] Moving 'D:\app\emulator\psx2\pcsx2_2.0.2\UPDATE_STAGING\resources\icons\flags\PAL-SW.png' to 'D:\app\emulator\psx2\pcsx2_2.0.2\resources\icons\flags\PAL-SW.png'
[    1.8009] Moving 'D:\app\emulator\psx2\pcsx2_2.0.2\UPDATE_STAGING\resources\icons\flags\PAL-SWI.png' to 'D:\app\emulator\psx2\pcsx2_2.0.2\resources\icons\flags\PAL-SWI.png'
[    1.8024] Moving 'D:\app\emulator\psx2\pcsx2_2.0.2\UPDATE_STAGING\resources\icons\flags\PAL-UK.png' to 'D:\app\emulator\psx2\pcsx2_2.0.2\resources\icons\flags\PAL-UK.png'
[    1.8039] Moving 'D:\app\emulator\psx2\pcsx2_2.0.2\UPDATE_STAGING\resources\icons\star-0.png' to 'D:\app\emulator\psx2\pcsx2_2.0.2\resources\icons\star-0.png'
[    1.8052] Moving 'D:\app\emulator\psx2\pcsx2_2.0.2\UPDATE_STAGING\resources\icons\star-1.png' to 'D:\app\emulator\psx2\pcsx2_2.0.2\resources\icons\star-1.png'
[    1.8066] Moving 'D:\app\emulator\psx2\pcsx2_2.0.2\UPDATE_STAGING\resources\icons\star-2.png' to 'D:\app\emulator\psx2\pcsx2_2.0.2\resources\icons\star-2.png'
[    1.8078] Moving 'D:\app\emulator\psx2\pcsx2_2.0.2\UPDATE_STAGING\resources\icons\star-3.png' to 'D:\app\emulator\psx2\pcsx2_2.0.2\resources\icons\star-3.png'
[    1.8090] Moving 'D:\app\emulator\psx2\pcsx2_2.0.2\UPDATE_STAGING\resources\icons\star-4.png' to 'D:\app\emulator\psx2\pcsx2_2.0.2\resources\icons\star-4.png'
[    1.8104] Moving 'D:\app\emulator\psx2\pcsx2_2.0.2\UPDATE_STAGING\resources\icons\star-5.png' to 'D:\app\emulator\psx2\pcsx2_2.0.2\resources\icons\star-5.png'
[    1.8116] Moving 'D:\app\emulator\psx2\pcsx2_2.0.2\UPDATE_STAGING\resources\patches.zip' to 'D:\app\emulator\psx2\pcsx2_2.0.2\resources\patches.zip'
[    1.8127] Moving 'D:\app\emulator\psx2\pcsx2_2.0.2\UPDATE_STAGING\resources\shaders\common\ffx_a.h' to 'D:\app\emulator\psx2\pcsx2_2.0.2\resources\shaders\common\ffx_a.h'
[    1.8138] Moving 'D:\app\emulator\psx2\pcsx2_2.0.2\UPDATE_STAGING\resources\shaders\common\ffx_cas.h' to 'D:\app\emulator\psx2\pcsx2_2.0.2\resources\shaders\common\ffx_cas.h'
[    1.8149] Moving 'D:\app\emulator\psx2\pcsx2_2.0.2\UPDATE_STAGING\resources\shaders\common\fxaa.fx' to 'D:\app\emulator\psx2\pcsx2_2.0.2\resources\shaders\common\fxaa.fx'
[    1.8160] Moving 'D:\app\emulator\psx2\pcsx2_2.0.2\UPDATE_STAGING\resources\shaders\dx11\cas.hlsl' to 'D:\app\emulator\psx2\pcsx2_2.0.2\resources\shaders\dx11\cas.hlsl'
[    1.8174] Moving 'D:\app\emulator\psx2\pcsx2_2.0.2\UPDATE_STAGING\resources\shaders\dx11\convert.fx' to 'D:\app\emulator\psx2\pcsx2_2.0.2\resources\shaders\dx11\convert.fx'
[    1.8202] Moving 'D:\app\emulator\psx2\pcsx2_2.0.2\UPDATE_STAGING\resources\shaders\dx11\imgui.fx' to 'D:\app\emulator\psx2\pcsx2_2.0.2\resources\shaders\dx11\imgui.fx'
[    1.8217] Moving 'D:\app\emulator\psx2\pcsx2_2.0.2\UPDATE_STAGING\resources\shaders\dx11\interlace.fx' to 'D:\app\emulator\psx2\pcsx2_2.0.2\resources\shaders\dx11\interlace.fx'
[    1.8230] Moving 'D:\app\emulator\psx2\pcsx2_2.0.2\UPDATE_STAGING\resources\shaders\dx11\merge.fx' to 'D:\app\emulator\psx2\pcsx2_2.0.2\resources\shaders\dx11\merge.fx'
[    1.8244] Moving 'D:\app\emulator\psx2\pcsx2_2.0.2\UPDATE_STAGING\resources\shaders\dx11\present.fx' to 'D:\app\emulator\psx2\pcsx2_2.0.2\resources\shaders\dx11\present.fx'
[    1.8256] Moving 'D:\app\emulator\psx2\pcsx2_2.0.2\UPDATE_STAGING\resources\shaders\dx11\shadeboost.fx' to 'D:\app\emulator\psx2\pcsx2_2.0.2\resources\shaders\dx11\shadeboost.fx'
[    1.8268] Moving 'D:\app\emulator\psx2\pcsx2_2.0.2\UPDATE_STAGING\resources\shaders\dx11\tfx.fx' to 'D:\app\emulator\psx2\pcsx2_2.0.2\resources\shaders\dx11\tfx.fx'
[    1.8281] Moving 'D:\app\emulator\psx2\pcsx2_2.0.2\UPDATE_STAGING\resources\shaders\opengl\cas.glsl' to 'D:\app\emulator\psx2\pcsx2_2.0.2\resources\shaders\opengl\cas.glsl'
[    1.8299] Moving 'D:\app\emulator\psx2\pcsx2_2.0.2\UPDATE_STAGING\resources\shaders\opengl\convert.glsl' to 'D:\app\emulator\psx2\pcsx2_2.0.2\resources\shaders\opengl\convert.glsl'
[    1.8312] Moving 'D:\app\emulator\psx2\pcsx2_2.0.2\UPDATE_STAGING\resources\shaders\opengl\imgui.glsl' to 'D:\app\emulator\psx2\pcsx2_2.0.2\resources\shaders\opengl\imgui.glsl'
[    1.8324] Moving 'D:\app\emulator\psx2\pcsx2_2.0.2\UPDATE_STAGING\resources\shaders\opengl\interlace.glsl' to 'D:\app\emulator\psx2\pcsx2_2.0.2\resources\shaders\opengl\interlace.glsl'
[    1.8355] Moving 'D:\app\emulator\psx2\pcsx2_2.0.2\UPDATE_STAGING\resources\shaders\opengl\merge.glsl' to 'D:\app\emulator\psx2\pcsx2_2.0.2\resources\shaders\opengl\merge.glsl'
[    1.8367] Moving 'D:\app\emulator\psx2\pcsx2_2.0.2\UPDATE_STAGING\resources\shaders\opengl\present.glsl' to 'D:\app\emulator\psx2\pcsx2_2.0.2\resources\shaders\opengl\present.glsl'
[    1.8380] Moving 'D:\app\emulator\psx2\pcsx2_2.0.2\UPDATE_STAGING\resources\shaders\opengl\shadeboost.glsl' to 'D:\app\emulator\psx2\pcsx2_2.0.2\resources\shaders\opengl\shadeboost.glsl'
[    1.8393] Moving 'D:\app\emulator\psx2\pcsx2_2.0.2\UPDATE_STAGING\resources\shaders\opengl\tfx_fs.glsl' to 'D:\app\emulator\psx2\pcsx2_2.0.2\resources\shaders\opengl\tfx_fs.glsl'
[    1.8406] Moving 'D:\app\emulator\psx2\pcsx2_2.0.2\UPDATE_STAGING\resources\shaders\opengl\tfx_vgs.glsl' to 'D:\app\emulator\psx2\pcsx2_2.0.2\resources\shaders\opengl\tfx_vgs.glsl'
[    1.8417] Moving 'D:\app\emulator\psx2\pcsx2_2.0.2\UPDATE_STAGING\resources\shaders\vulkan\cas.glsl' to 'D:\app\emulator\psx2\pcsx2_2.0.2\resources\shaders\vulkan\cas.glsl'
[    1.8430] Moving 'D:\app\emulator\psx2\pcsx2_2.0.2\UPDATE_STAGING\resources\shaders\vulkan\convert.glsl' to 'D:\app\emulator\psx2\pcsx2_2.0.2\resources\shaders\vulkan\convert.glsl'
[    1.8442] Moving 'D:\app\emulator\psx2\pcsx2_2.0.2\UPDATE_STAGING\resources\shaders\vulkan\imgui.glsl' to 'D:\app\emulator\psx2\pcsx2_2.0.2\resources\shaders\vulkan\imgui.glsl'
[    1.8453] Moving 'D:\app\emulator\psx2\pcsx2_2.0.2\UPDATE_STAGING\resources\shaders\vulkan\interlace.glsl' to 'D:\app\emulator\psx2\pcsx2_2.0.2\resources\shaders\vulkan\interlace.glsl'
[    1.8471] Moving 'D:\app\emulator\psx2\pcsx2_2.0.2\UPDATE_STAGING\resources\shaders\vulkan\merge.glsl' to 'D:\app\emulator\psx2\pcsx2_2.0.2\resources\shaders\vulkan\merge.glsl'
[    1.8484] Moving 'D:\app\emulator\psx2\pcsx2_2.0.2\UPDATE_STAGING\resources\shaders\vulkan\present.glsl' to 'D:\app\emulator\psx2\pcsx2_2.0.2\resources\shaders\vulkan\present.glsl'
[    1.8500] Moving 'D:\app\emulator\psx2\pcsx2_2.0.2\UPDATE_STAGING\resources\shaders\vulkan\shadeboost.glsl' to 'D:\app\emulator\psx2\pcsx2_2.0.2\resources\shaders\vulkan\shadeboost.glsl'
[    1.8512] Moving 'D:\app\emulator\psx2\pcsx2_2.0.2\UPDATE_STAGING\resources\shaders\vulkan\tfx.glsl' to 'D:\app\emulator\psx2\pcsx2_2.0.2\resources\shaders\vulkan\tfx.glsl'
[    1.8524] Moving 'D:\app\emulator\psx2\pcsx2_2.0.2\UPDATE_STAGING\resources\sounds\achievements\README.txt' to 'D:\app\emulator\psx2\pcsx2_2.0.2\resources\sounds\achievements\README.txt'
[    1.8538] Moving 'D:\app\emulator\psx2\pcsx2_2.0.2\UPDATE_STAGING\translations\pcsx2-qt_af-ZA.qm' to 'D:\app\emulator\psx2\pcsx2_2.0.2\translations\pcsx2-qt_af-ZA.qm'
[    1.8552] Moving 'D:\app\emulator\psx2\pcsx2_2.0.2\UPDATE_STAGING\translations\pcsx2-qt_ar-SA.qm' to 'D:\app\emulator\psx2\pcsx2_2.0.2\translations\pcsx2-qt_ar-SA.qm'
[    1.8565] Moving 'D:\app\emulator\psx2\pcsx2_2.0.2\UPDATE_STAGING\translations\pcsx2-qt_bg-BG.qm' to 'D:\app\emulator\psx2\pcsx2_2.0.2\translations\pcsx2-qt_bg-BG.qm'
[    1.8579] Moving 'D:\app\emulator\psx2\pcsx2_2.0.2\UPDATE_STAGING\translations\pcsx2-qt_ca-ES.qm' to 'D:\app\emulator\psx2\pcsx2_2.0.2\translations\pcsx2-qt_ca-ES.qm'
[    1.8591] Moving 'D:\app\emulator\psx2\pcsx2_2.0.2\UPDATE_STAGING\translations\pcsx2-qt_cs-CZ.qm' to 'D:\app\emulator\psx2\pcsx2_2.0.2\translations\pcsx2-qt_cs-CZ.qm'
[    1.8602] Moving 'D:\app\emulator\psx2\pcsx2_2.0.2\UPDATE_STAGING\translations\pcsx2-qt_da-DK.qm' to 'D:\app\emulator\psx2\pcsx2_2.0.2\translations\pcsx2-qt_da-DK.qm'
[    1.8614] Moving 'D:\app\emulator\psx2\pcsx2_2.0.2\UPDATE_STAGING\translations\pcsx2-qt_de-DE.qm' to 'D:\app\emulator\psx2\pcsx2_2.0.2\translations\pcsx2-qt_de-DE.qm'
[    1.8626] Moving 'D:\app\emulator\psx2\pcsx2_2.0.2\UPDATE_STAGING\translations\pcsx2-qt_el-GR.qm' to 'D:\app\emulator\psx2\pcsx2_2.0.2\translations\pcsx2-qt_el-GR.qm'
[    1.8636] Moving 'D:\app\emulator\psx2\pcsx2_2.0.2\UPDATE_STAGING\translations\pcsx2-qt_en-US.qm' to 'D:\app\emulator\psx2\pcsx2_2.0.2\translations\pcsx2-qt_en-US.qm'
[    1.8651] Moving 'D:\app\emulator\psx2\pcsx2_2.0.2\UPDATE_STAGING\translations\pcsx2-qt_en.qm' to 'D:\app\emulator\psx2\pcsx2_2.0.2\translations\pcsx2-qt_en.qm'
[    1.8663] Moving 'D:\app\emulator\psx2\pcsx2_2.0.2\UPDATE_STAGING\translations\pcsx2-qt_es-419.qm' to 'D:\app\emulator\psx2\pcsx2_2.0.2\translations\pcsx2-qt_es-419.qm'
[    1.8676] Moving 'D:\app\emulator\psx2\pcsx2_2.0.2\UPDATE_STAGING\translations\pcsx2-qt_es-ES.qm' to 'D:\app\emulator\psx2\pcsx2_2.0.2\translations\pcsx2-qt_es-ES.qm'
[    1.8689] Moving 'D:\app\emulator\psx2\pcsx2_2.0.2\UPDATE_STAGING\translations\pcsx2-qt_fa-IR.qm' to 'D:\app\emulator\psx2\pcsx2_2.0.2\translations\pcsx2-qt_fa-IR.qm'
[    1.8704] Moving 'D:\app\emulator\psx2\pcsx2_2.0.2\UPDATE_STAGING\translations\pcsx2-qt_fi-FI.qm' to 'D:\app\emulator\psx2\pcsx2_2.0.2\translations\pcsx2-qt_fi-FI.qm'
[    1.8717] Moving 'D:\app\emulator\psx2\pcsx2_2.0.2\UPDATE_STAGING\translations\pcsx2-qt_fr-FR.qm' to 'D:\app\emulator\psx2\pcsx2_2.0.2\translations\pcsx2-qt_fr-FR.qm'
[    1.8730] Moving 'D:\app\emulator\psx2\pcsx2_2.0.2\UPDATE_STAGING\translations\pcsx2-qt_he-IL.qm' to 'D:\app\emulator\psx2\pcsx2_2.0.2\translations\pcsx2-qt_he-IL.qm'
[    1.8743] Moving 'D:\app\emulator\psx2\pcsx2_2.0.2\UPDATE_STAGING\translations\pcsx2-qt_hi-IN.qm' to 'D:\app\emulator\psx2\pcsx2_2.0.2\translations\pcsx2-qt_hi-IN.qm'
[    1.8754] Moving 'D:\app\emulator\psx2\pcsx2_2.0.2\UPDATE_STAGING\translations\pcsx2-qt_hr-HR.qm' to 'D:\app\emulator\psx2\pcsx2_2.0.2\translations\pcsx2-qt_hr-HR.qm'
[    1.8767] Moving 'D:\app\emulator\psx2\pcsx2_2.0.2\UPDATE_STAGING\translations\pcsx2-qt_hu-HU.qm' to 'D:\app\emulator\psx2\pcsx2_2.0.2\translations\pcsx2-qt_hu-HU.qm'
[    1.8781] Moving 'D:\app\emulator\psx2\pcsx2_2.0.2\UPDATE_STAGING\translations\pcsx2-qt_id-ID.qm' to 'D:\app\emulator\psx2\pcsx2_2.0.2\translations\pcsx2-qt_id-ID.qm'
[    1.8795] Moving 'D:\app\emulator\psx2\pcsx2_2.0.2\UPDATE_STAGING\translations\pcsx2-qt_it-IT.qm' to 'D:\app\emulator\psx2\pcsx2_2.0.2\translations\pcsx2-qt_it-IT.qm'
[    1.8807] Moving 'D:\app\emulator\psx2\pcsx2_2.0.2\UPDATE_STAGING\translations\pcsx2-qt_ja-JP.qm' to 'D:\app\emulator\psx2\pcsx2_2.0.2\translations\pcsx2-qt_ja-JP.qm'
[    1.8822] Moving 'D:\app\emulator\psx2\pcsx2_2.0.2\UPDATE_STAGING\translations\pcsx2-qt_ka-GE.qm' to 'D:\app\emulator\psx2\pcsx2_2.0.2\translations\pcsx2-qt_ka-GE.qm'
[    1.8833] Moving 'D:\app\emulator\psx2\pcsx2_2.0.2\UPDATE_STAGING\translations\pcsx2-qt_ko-KR.qm' to 'D:\app\emulator\psx2\pcsx2_2.0.2\translations\pcsx2-qt_ko-KR.qm'
[    1.8846] Moving 'D:\app\emulator\psx2\pcsx2_2.0.2\UPDATE_STAGING\translations\pcsx2-qt_lt-LT.qm' to 'D:\app\emulator\psx2\pcsx2_2.0.2\translations\pcsx2-qt_lt-LT.qm'
[    1.8859] Moving 'D:\app\emulator\psx2\pcsx2_2.0.2\UPDATE_STAGING\translations\pcsx2-qt_lv-LV.qm' to 'D:\app\emulator\psx2\pcsx2_2.0.2\translations\pcsx2-qt_lv-LV.qm'
[    1.8872] Moving 'D:\app\emulator\psx2\pcsx2_2.0.2\UPDATE_STAGING\translations\pcsx2-qt_nl-NL.qm' to 'D:\app\emulator\psx2\pcsx2_2.0.2\translations\pcsx2-qt_nl-NL.qm'
[    1.8885] Moving 'D:\app\emulator\psx2\pcsx2_2.0.2\UPDATE_STAGING\translations\pcsx2-qt_no-NO.qm' to 'D:\app\emulator\psx2\pcsx2_2.0.2\translations\pcsx2-qt_no-NO.qm'
[    1.8897] Moving 'D:\app\emulator\psx2\pcsx2_2.0.2\UPDATE_STAGING\translations\pcsx2-qt_pl-PL.qm' to 'D:\app\emulator\psx2\pcsx2_2.0.2\translations\pcsx2-qt_pl-PL.qm'
[    1.8909] Moving 'D:\app\emulator\psx2\pcsx2_2.0.2\UPDATE_STAGING\translations\pcsx2-qt_pt-BR.qm' to 'D:\app\emulator\psx2\pcsx2_2.0.2\translations\pcsx2-qt_pt-BR.qm'
[    1.8921] Moving 'D:\app\emulator\psx2\pcsx2_2.0.2\UPDATE_STAGING\translations\pcsx2-qt_pt-PT.qm' to 'D:\app\emulator\psx2\pcsx2_2.0.2\translations\pcsx2-qt_pt-PT.qm'
[    1.8933] Moving 'D:\app\emulator\psx2\pcsx2_2.0.2\UPDATE_STAGING\translations\pcsx2-qt_ro-RO.qm' to 'D:\app\emulator\psx2\pcsx2_2.0.2\translations\pcsx2-qt_ro-RO.qm'
[    1.8945] Moving 'D:\app\emulator\psx2\pcsx2_2.0.2\UPDATE_STAGING\translations\pcsx2-qt_ru-RU.qm' to 'D:\app\emulator\psx2\pcsx2_2.0.2\translations\pcsx2-qt_ru-RU.qm'
[    1.8957] Moving 'D:\app\emulator\psx2\pcsx2_2.0.2\UPDATE_STAGING\translations\pcsx2-qt_sr-SP.qm' to 'D:\app\emulator\psx2\pcsx2_2.0.2\translations\pcsx2-qt_sr-SP.qm'
[    1.8995] Moving 'D:\app\emulator\psx2\pcsx2_2.0.2\UPDATE_STAGING\translations\pcsx2-qt_sv-SE.qm' to 'D:\app\emulator\psx2\pcsx2_2.0.2\translations\pcsx2-qt_sv-SE.qm'
[    1.9010] Moving 'D:\app\emulator\psx2\pcsx2_2.0.2\UPDATE_STAGING\translations\pcsx2-qt_tr-TR.qm' to 'D:\app\emulator\psx2\pcsx2_2.0.2\translations\pcsx2-qt_tr-TR.qm'
[    1.9023] Moving 'D:\app\emulator\psx2\pcsx2_2.0.2\UPDATE_STAGING\translations\pcsx2-qt_uk-UA.qm' to 'D:\app\emulator\psx2\pcsx2_2.0.2\translations\pcsx2-qt_uk-UA.qm'
[    1.9037] Moving 'D:\app\emulator\psx2\pcsx2_2.0.2\UPDATE_STAGING\translations\pcsx2-qt_vi-VN.qm' to 'D:\app\emulator\psx2\pcsx2_2.0.2\translations\pcsx2-qt_vi-VN.qm'
[    1.9049] Moving 'D:\app\emulator\psx2\pcsx2_2.0.2\UPDATE_STAGING\translations\pcsx2-qt_zh-CN.qm' to 'D:\app\emulator\psx2\pcsx2_2.0.2\translations\pcsx2-qt_zh-CN.qm'
[    1.9062] Moving 'D:\app\emulator\psx2\pcsx2_2.0.2\UPDATE_STAGING\translations\pcsx2-qt_zh-TW.qm' to 'D:\app\emulator\psx2\pcsx2_2.0.2\translations\pcsx2-qt_zh-TW.qm'
[    1.9075] Moving 'D:\app\emulator\psx2\pcsx2_2.0.2\UPDATE_STAGING\translations\qt_ar.qm' to 'D:\app\emulator\psx2\pcsx2_2.0.2\translations\qt_ar.qm'
[    1.9087] Moving 'D:\app\emulator\psx2\pcsx2_2.0.2\UPDATE_STAGING\translations\qt_bg.qm' to 'D:\app\emulator\psx2\pcsx2_2.0.2\translations\qt_bg.qm'
[    1.9101] Moving 'D:\app\emulator\psx2\pcsx2_2.0.2\UPDATE_STAGING\translations\qt_ca.qm' to 'D:\app\emulator\psx2\pcsx2_2.0.2\translations\qt_ca.qm'
[    1.9116] Moving 'D:\app\emulator\psx2\pcsx2_2.0.2\UPDATE_STAGING\translations\qt_cs.qm' to 'D:\app\emulator\psx2\pcsx2_2.0.2\translations\qt_cs.qm'
[    1.9139] Moving 'D:\app\emulator\psx2\pcsx2_2.0.2\UPDATE_STAGING\translations\qt_da.qm' to 'D:\app\emulator\psx2\pcsx2_2.0.2\translations\qt_da.qm'
[    1.9153] Moving 'D:\app\emulator\psx2\pcsx2_2.0.2\UPDATE_STAGING\translations\qt_de.qm' to 'D:\app\emulator\psx2\pcsx2_2.0.2\translations\qt_de.qm'
[    1.9165] Moving 'D:\app\emulator\psx2\pcsx2_2.0.2\UPDATE_STAGING\translations\qt_en.qm' to 'D:\app\emulator\psx2\pcsx2_2.0.2\translations\qt_en.qm'
[    1.9181] Moving 'D:\app\emulator\psx2\pcsx2_2.0.2\UPDATE_STAGING\translations\qt_es.qm' to 'D:\app\emulator\psx2\pcsx2_2.0.2\translations\qt_es.qm'
[    1.9193] Moving 'D:\app\emulator\psx2\pcsx2_2.0.2\UPDATE_STAGING\translations\qt_fa.qm' to 'D:\app\emulator\psx2\pcsx2_2.0.2\translations\qt_fa.qm'
[    1.9206] Moving 'D:\app\emulator\psx2\pcsx2_2.0.2\UPDATE_STAGING\translations\qt_fi.qm' to 'D:\app\emulator\psx2\pcsx2_2.0.2\translations\qt_fi.qm'
[    1.9220] Moving 'D:\app\emulator\psx2\pcsx2_2.0.2\UPDATE_STAGING\translations\qt_fr.qm' to 'D:\app\emulator\psx2\pcsx2_2.0.2\translations\qt_fr.qm'
[    1.9233] Moving 'D:\app\emulator\psx2\pcsx2_2.0.2\UPDATE_STAGING\translations\qt_gd.qm' to 'D:\app\emulator\psx2\pcsx2_2.0.2\translations\qt_gd.qm'
[    1.9244] Moving 'D:\app\emulator\psx2\pcsx2_2.0.2\UPDATE_STAGING\translations\qt_gl.qm' to 'D:\app\emulator\psx2\pcsx2_2.0.2\translations\qt_gl.qm'
[    1.9256] Moving 'D:\app\emulator\psx2\pcsx2_2.0.2\UPDATE_STAGING\translations\qt_he.qm' to 'D:\app\emulator\psx2\pcsx2_2.0.2\translations\qt_he.qm'
[    1.9268] Moving 'D:\app\emulator\psx2\pcsx2_2.0.2\UPDATE_STAGING\translations\qt_hr.qm' to 'D:\app\emulator\psx2\pcsx2_2.0.2\translations\qt_hr.qm'
[    1.9289] Moving 'D:\app\emulator\psx2\pcsx2_2.0.2\UPDATE_STAGING\translations\qt_hu.qm' to 'D:\app\emulator\psx2\pcsx2_2.0.2\translations\qt_hu.qm'
[    1.9302] Moving 'D:\app\emulator\psx2\pcsx2_2.0.2\UPDATE_STAGING\translations\qt_it.qm' to 'D:\app\emulator\psx2\pcsx2_2.0.2\translations\qt_it.qm'
[    1.9313] Moving 'D:\app\emulator\psx2\pcsx2_2.0.2\UPDATE_STAGING\translations\qt_ja.qm' to 'D:\app\emulator\psx2\pcsx2_2.0.2\translations\qt_ja.qm'
[    1.9324] Moving 'D:\app\emulator\psx2\pcsx2_2.0.2\UPDATE_STAGING\translations\qt_ka.qm' to 'D:\app\emulator\psx2\pcsx2_2.0.2\translations\qt_ka.qm'
[    1.9336] Moving 'D:\app\emulator\psx2\pcsx2_2.0.2\UPDATE_STAGING\translations\qt_ko.qm' to 'D:\app\emulator\psx2\pcsx2_2.0.2\translations\qt_ko.qm'
[    1.9348] Moving 'D:\app\emulator\psx2\pcsx2_2.0.2\UPDATE_STAGING\translations\qt_lt.qm' to 'D:\app\emulator\psx2\pcsx2_2.0.2\translations\qt_lt.qm'
[    1.9359] Moving 'D:\app\emulator\psx2\pcsx2_2.0.2\UPDATE_STAGING\translations\qt_lv.qm' to 'D:\app\emulator\psx2\pcsx2_2.0.2\translations\qt_lv.qm'
[    1.9371] Moving 'D:\app\emulator\psx2\pcsx2_2.0.2\UPDATE_STAGING\translations\qt_nl.qm' to 'D:\app\emulator\psx2\pcsx2_2.0.2\translations\qt_nl.qm'
[    1.9385] Moving 'D:\app\emulator\psx2\pcsx2_2.0.2\UPDATE_STAGING\translations\qt_nn.qm' to 'D:\app\emulator\psx2\pcsx2_2.0.2\translations\qt_nn.qm'
[    1.9397] Moving 'D:\app\emulator\psx2\pcsx2_2.0.2\UPDATE_STAGING\translations\qt_pl.qm' to 'D:\app\emulator\psx2\pcsx2_2.0.2\translations\qt_pl.qm'
[    1.9409] Moving 'D:\app\emulator\psx2\pcsx2_2.0.2\UPDATE_STAGING\translations\qt_pt_BR.qm' to 'D:\app\emulator\psx2\pcsx2_2.0.2\translations\qt_pt_BR.qm'
[    1.9421] Moving 'D:\app\emulator\psx2\pcsx2_2.0.2\UPDATE_STAGING\translations\qt_pt_PT.qm' to 'D:\app\emulator\psx2\pcsx2_2.0.2\translations\qt_pt_PT.qm'
[    1.9437] Moving 'D:\app\emulator\psx2\pcsx2_2.0.2\UPDATE_STAGING\translations\qt_ru.qm' to 'D:\app\emulator\psx2\pcsx2_2.0.2\translations\qt_ru.qm'
[    1.9449] Moving 'D:\app\emulator\psx2\pcsx2_2.0.2\UPDATE_STAGING\translations\qt_sk.qm' to 'D:\app\emulator\psx2\pcsx2_2.0.2\translations\qt_sk.qm'
[    1.9462] Moving 'D:\app\emulator\psx2\pcsx2_2.0.2\UPDATE_STAGING\translations\qt_sl.qm' to 'D:\app\emulator\psx2\pcsx2_2.0.2\translations\qt_sl.qm'
[    1.9474] Moving 'D:\app\emulator\psx2\pcsx2_2.0.2\UPDATE_STAGING\translations\qt_sv.qm' to 'D:\app\emulator\psx2\pcsx2_2.0.2\translations\qt_sv.qm'
[    1.9487] Moving 'D:\app\emulator\psx2\pcsx2_2.0.2\UPDATE_STAGING\translations\qt_tr.qm' to 'D:\app\emulator\psx2\pcsx2_2.0.2\translations\qt_tr.qm'
[    1.9500] Moving 'D:\app\emulator\psx2\pcsx2_2.0.2\UPDATE_STAGING\translations\qt_uk.qm' to 'D:\app\emulator\psx2\pcsx2_2.0.2\translations\qt_uk.qm'
[    1.9511] Moving 'D:\app\emulator\psx2\pcsx2_2.0.2\UPDATE_STAGING\translations\qt_zh_CN.qm' to 'D:\app\emulator\psx2\pcsx2_2.0.2\translations\qt_zh_CN.qm'
[    1.9523] Moving 'D:\app\emulator\psx2\pcsx2_2.0.2\UPDATE_STAGING\translations\qt_zh_TW.qm' to 'D:\app\emulator\psx2\pcsx2_2.0.2\translations\qt_zh_TW.qm'
[    1.9536] Moving 'D:\app\emulator\psx2\pcsx2_2.0.2\UPDATE_STAGING\resources\sounds\achievements\lbsubmit.wav' to 'D:\app\emulator\psx2\pcsx2_2.0.2\resources\sounds\achievements\lbsubmit.wav'
[    1.9549] Moving 'D:\app\emulator\psx2\pcsx2_2.0.2\UPDATE_STAGING\resources\sounds\achievements\message.wav' to 'D:\app\emulator\psx2\pcsx2_2.0.2\resources\sounds\achievements\message.wav'
[    1.9561] Moving 'D:\app\emulator\psx2\pcsx2_2.0.2\UPDATE_STAGING\resources\sounds\achievements\unlock.wav' to 'D:\app\emulator\psx2\pcsx2_2.0.2\resources\sounds\achievements\unlock.wav'
[    1.9572] Moving 'D:\app\emulator\psx2\pcsx2_2.0.2\UPDATE_STAGING\Qt6Core.dll' to 'D:\app\emulator\psx2\pcsx2_2.0.2\Qt6Core.dll'
[    1.9589] Moving 'D:\app\emulator\psx2\pcsx2_2.0.2\UPDATE_STAGING\Qt6Gui.dll' to 'D:\app\emulator\psx2\pcsx2_2.0.2\Qt6Gui.dll'
[    1.9608] Moving 'D:\app\emulator\psx2\pcsx2_2.0.2\UPDATE_STAGING\Qt6Network.dll' to 'D:\app\emulator\psx2\pcsx2_2.0.2\Qt6Network.dll'
[    1.9620] Moving 'D:\app\emulator\psx2\pcsx2_2.0.2\UPDATE_STAGING\Qt6Svg.dll' to 'D:\app\emulator\psx2\pcsx2_2.0.2\Qt6Svg.dll'
[    1.9632] Moving 'D:\app\emulator\psx2\pcsx2_2.0.2\UPDATE_STAGING\Qt6Widgets.dll' to 'D:\app\emulator\psx2\pcsx2_2.0.2\Qt6Widgets.dll'
[    1.9648] Moving 'D:\app\emulator\psx2\pcsx2_2.0.2\UPDATE_STAGING\QtPlugins\generic\qtuiotouchplugin.dll' to 'D:\app\emulator\psx2\pcsx2_2.0.2\QtPlugins\generic\qtuiotouchplugin.dll'
[    1.9660] Moving 'D:\app\emulator\psx2\pcsx2_2.0.2\UPDATE_STAGING\QtPlugins\iconengines\qsvgicon.dll' to 'D:\app\emulator\psx2\pcsx2_2.0.2\QtPlugins\iconengines\qsvgicon.dll'
[    1.9673] Moving 'D:\app\emulator\psx2\pcsx2_2.0.2\UPDATE_STAGING\QtPlugins\imageformats\qgif.dll' to 'D:\app\emulator\psx2\pcsx2_2.0.2\QtPlugins\imageformats\qgif.dll'
[    1.9686] Moving 'D:\app\emulator\psx2\pcsx2_2.0.2\UPDATE_STAGING\QtPlugins\imageformats\qicns.dll' to 'D:\app\emulator\psx2\pcsx2_2.0.2\QtPlugins\imageformats\qicns.dll'
[    1.9698] Moving 'D:\app\emulator\psx2\pcsx2_2.0.2\UPDATE_STAGING\QtPlugins\imageformats\qico.dll' to 'D:\app\emulator\psx2\pcsx2_2.0.2\QtPlugins\imageformats\qico.dll'
[    1.9712] Moving 'D:\app\emulator\psx2\pcsx2_2.0.2\UPDATE_STAGING\QtPlugins\imageformats\qjpeg.dll' to 'D:\app\emulator\psx2\pcsx2_2.0.2\QtPlugins\imageformats\qjpeg.dll'
[    1.9725] Moving 'D:\app\emulator\psx2\pcsx2_2.0.2\UPDATE_STAGING\QtPlugins\imageformats\qsvg.dll' to 'D:\app\emulator\psx2\pcsx2_2.0.2\QtPlugins\imageformats\qsvg.dll'
[    1.9737] Moving 'D:\app\emulator\psx2\pcsx2_2.0.2\UPDATE_STAGING\QtPlugins\imageformats\qtga.dll' to 'D:\app\emulator\psx2\pcsx2_2.0.2\QtPlugins\imageformats\qtga.dll'
[    1.9758] Moving 'D:\app\emulator\psx2\pcsx2_2.0.2\UPDATE_STAGING\QtPlugins\imageformats\qtiff.dll' to 'D:\app\emulator\psx2\pcsx2_2.0.2\QtPlugins\imageformats\qtiff.dll'
[    1.9773] Moving 'D:\app\emulator\psx2\pcsx2_2.0.2\UPDATE_STAGING\QtPlugins\imageformats\qwbmp.dll' to 'D:\app\emulator\psx2\pcsx2_2.0.2\QtPlugins\imageformats\qwbmp.dll'
[    1.9786] Moving 'D:\app\emulator\psx2\pcsx2_2.0.2\UPDATE_STAGING\QtPlugins\imageformats\qwebp.dll' to 'D:\app\emulator\psx2\pcsx2_2.0.2\QtPlugins\imageformats\qwebp.dll'
[    1.9798] Moving 'D:\app\emulator\psx2\pcsx2_2.0.2\UPDATE_STAGING\QtPlugins\networkinformation\qnetworklistmanager.dll' to 'D:\app\emulator\psx2\pcsx2_2.0.2\QtPlugins\networkinformation\qnetworklistmanager.dll'
[    1.9810] Moving 'D:\app\emulator\psx2\pcsx2_2.0.2\UPDATE_STAGING\QtPlugins\platforms\qwindows.dll' to 'D:\app\emulator\psx2\pcsx2_2.0.2\QtPlugins\platforms\qwindows.dll'
[    1.9824] Moving 'D:\app\emulator\psx2\pcsx2_2.0.2\UPDATE_STAGING\QtPlugins\styles\qmodernwindowsstyle.dll' to 'D:\app\emulator\psx2\pcsx2_2.0.2\QtPlugins\styles\qmodernwindowsstyle.dll'
[    1.9839] Moving 'D:\app\emulator\psx2\pcsx2_2.0.2\UPDATE_STAGING\QtPlugins\tls\qcertonlybackend.dll' to 'D:\app\emulator\psx2\pcsx2_2.0.2\QtPlugins\tls\qcertonlybackend.dll'
[    1.9853] Moving 'D:\app\emulator\psx2\pcsx2_2.0.2\UPDATE_STAGING\QtPlugins\tls\qschannelbackend.dll' to 'D:\app\emulator\psx2\pcsx2_2.0.2\QtPlugins\tls\qschannelbackend.dll'
[    1.9865] Moving 'D:\app\emulator\psx2\pcsx2_2.0.2\UPDATE_STAGING\SDL2.dll' to 'D:\app\emulator\psx2\pcsx2_2.0.2\SDL2.dll'
[    1.9881] Moving 'D:\app\emulator\psx2\pcsx2_2.0.2\UPDATE_STAGING\freetype.dll' to 'D:\app\emulator\psx2\pcsx2_2.0.2\freetype.dll'
[    1.9893] Moving 'D:\app\emulator\psx2\pcsx2_2.0.2\UPDATE_STAGING\harfbuzz.dll' to 'D:\app\emulator\psx2\pcsx2_2.0.2\harfbuzz.dll'
[    1.9912] Moving 'D:\app\emulator\psx2\pcsx2_2.0.2\UPDATE_STAGING\libjpeg.dll' to 'D:\app\emulator\psx2\pcsx2_2.0.2\libjpeg.dll'
[    1.9924] Moving 'D:\app\emulator\psx2\pcsx2_2.0.2\UPDATE_STAGING\libpng16.dll' to 'D:\app\emulator\psx2\pcsx2_2.0.2\libpng16.dll'
[    1.9936] Moving 'D:\app\emulator\psx2\pcsx2_2.0.2\UPDATE_STAGING\libsharpyuv.dll' to 'D:\app\emulator\psx2\pcsx2_2.0.2\libsharpyuv.dll'
[    1.9947] Moving 'D:\app\emulator\psx2\pcsx2_2.0.2\UPDATE_STAGING\libwebp.dll' to 'D:\app\emulator\psx2\pcsx2_2.0.2\libwebp.dll'
[    1.9959] Moving 'D:\app\emulator\psx2\pcsx2_2.0.2\UPDATE_STAGING\lz4.dll' to 'D:\app\emulator\psx2\pcsx2_2.0.2\lz4.dll'
[    1.9972] Moving 'D:\app\emulator\psx2\pcsx2_2.0.2\UPDATE_STAGING\pcsx2-qt.exe' to 'D:\app\emulator\psx2\pcsx2_2.0.2\pcsx2-qt.exe'
[    1.9991] Moving 'D:\app\emulator\psx2\pcsx2_2.0.2\UPDATE_STAGING\shaderc_shared.dll' to 'D:\app\emulator\psx2\pcsx2_2.0.2\shaderc_shared.dll'
[    2.0005] Moving 'D:\app\emulator\psx2\pcsx2_2.0.2\UPDATE_STAGING\zlib1.dll' to 'D:\app\emulator\psx2\pcsx2_2.0.2\zlib1.dll'
[    2.0019] Moving 'D:\app\emulator\psx2\pcsx2_2.0.2\UPDATE_STAGING\zstd.dll' to 'D:\app\emulator\psx2\pcsx2_2.0.2\zstd.dll'
[    2.1967] Moving 'D:\app\emulator\psx2\pcsx2_2.0.2\pcsx2-qt.exe' to 'D:\app\emulator\psx2\pcsx2_2.0.2\pcsx2-qt.exe'
[    2.1983] Launching 'D:\app\emulator\psx2\pcsx2_2.0.2\pcsx2-qt.exe'...
